layer 1: 95 peer experts prepared, 27.0 GiB allocated, 107s
layer 20: 95 peer experts prepared, 30.5 GiB allocated, 109s
layer 10: 76 peer experts prepared, 47.6 GiB allocated, 135s
layer 30: 63 peer experts prepared, 59.2 GiB allocated, 185s
layer 50: 58 peer experts prepared, 68.2 GiB allocated, 190s
layer 40: 57 peer experts prepared, 70.3 GiB allocated, 191s
layer 60: 54 peer experts prepared, 78.5 GiB allocated, 196s
layer 69: 42 peer experts prepared, 92.7 GiB allocated, 224s
prepared 69 layers (4829 experts) in 243s; 93.1 GiB allocated
captured 966 graphs; 93.1 GiB allocated, 0.7 GiB free
selftest layer 1 rows 3: cos 0.99999 rel 0.0063
selftest layer 1 rows 100: cos 1.00012 rel 0.0105
selftest layer 35 rows 3: cos 0.99970 rel 0.0248
selftest layer 35 rows 100: cos 0.99968 rel 0.0251
selftest layer 69 rows 3: cos 0.99984 rel 0.0186
selftest layer 69 rows 100: cos 0.99988 rel 0.0173
serving
served 2000 peer layer calls, mean 2030.4 us, mean rows 2248.7
served 4000 peer layer calls, mean 2167.5 us, mean rows 2405.0
served 6000 peer layer calls, mean 2512.0 us, mean rows 2851.8
served 8000 peer layer calls, mean 3146.1 us, mean rows 3637.7
served 10000 peer layer calls, mean 2804.7 us, mean rows 3230.4
served 12000 peer layer calls, mean 2352.0 us, mean rows 2692.2
served 14000 peer layer calls, mean 2028.8 us, mean rows 2307.7
served 16000 peer layer calls, mean 1786.3 us, mean rows 2019.4
served 18000 peer layer calls, mean 1606.8 us, mean rows 1804.1
served 20000 peer layer calls, mean 1455.0 us, mean rows 1623.7
served 22000 peer layer calls, mean 1330.9 us, mean rows 1476.2
served 24000 peer layer calls, mean 1234.3 us, mean rows 1360.0
served 26000 peer layer calls, mean 1146.2 us, mean rows 1255.5
served 28000 peer layer calls, mean 1070.7 us, mean rows 1165.9
served 30000 peer layer calls, mean 1005.3 us, mean rows 1088.2
served 32000 peer layer calls, mean 965.1 us, mean rows 1039.7
served 34000 peer layer calls, mean 913.5 us, mean rows 978.6
served 36000 peer layer calls, mean 867.8 us, mean rows 924.3
served 38000 peer layer calls, mean 826.8 us, mean rows 875.7
served 40000 peer layer calls, mean 803.5 us, mean rows 847.5
served 42000 peer layer calls, mean 769.5 us, mean rows 807.2
served 44000 peer layer calls, mean 738.6 us, mean rows 770.6
served 46000 peer layer calls, mean 722.3 us, mean rows 750.7
served 48000 peer layer calls, mean 695.9 us, mean rows 719.4
served 50000 peer layer calls, mean 671.6 us, mean rows 690.7
served 52000 peer layer calls, mean 649.2 us, mean rows 664.2
served 54000 peer layer calls, mean 665.6 us, mean rows 683.8
served 56000 peer layer calls, mean 645.0 us, mean rows 659.4
served 58000 peer layer calls, mean 625.8 us, mean rows 636.7
served 60000 peer layer calls, mean 607.9 us, mean rows 615.5
served 62000 peer layer calls, mean 623.5 us, mean rows 634.2
served 64000 peer layer calls, mean 606.8 us, mean rows 614.4
served 66000 peer layer calls, mean 591.1 us, mean rows 595.8
served 68000 peer layer calls, mean 576.3 us, mean rows 578.4
served 70000 peer layer calls, mean 591.0 us, mean rows 596.0
served 72000 peer layer calls, mean 577.1 us, mean rows 579.5
served 74000 peer layer calls, mean 563.9 us, mean rows 563.8
served 76000 peer layer calls, mean 551.4 us, mean rows 549.0
served 78000 peer layer calls, mean 540.0 us, mean rows 535.0
served 80000 peer layer calls, mean 528.7 us, mean rows 521.7
served 82000 peer layer calls, mean 517.9 us, mean rows 509.0
served 84000 peer layer calls, mean 507.7 us, mean rows 496.9
served 86000 peer layer calls, mean 498.0 us, mean rows 485.3
served 88000 peer layer calls, mean 488.8 us, mean rows 474.3
served 90000 peer layer calls, mean 479.9 us, mean rows 463.8
served 92000 peer layer calls, mean 471.4 us, mean rows 453.8
served 94000 peer layer calls, mean 463.2 us, mean rows 444.1
served 96000 peer layer calls, mean 455.4 us, mean rows 434.9
served 98000 peer layer calls, mean 447.9 us, mean rows 426.0
served 100000 peer layer calls, mean 441.2 us, mean rows 417.6
served 102000 peer layer calls, mean 434.6 us, mean rows 409.4
served 104000 peer layer calls, mean 428.3 us, mean rows 401.6
served 106000 peer layer calls, mean 422.2 us, mean rows 394.0
served 108000 peer layer calls, mean 416.3 us, mean rows 386.8
served 110000 peer layer calls, mean 410.6 us, mean rows 379.8
served 112000 peer layer calls, mean 405.3 us, mean rows 373.0
served 114000 peer layer calls, mean 400.0 us, mean rows 366.5
served 116000 peer layer calls, mean 394.9 us, mean rows 360.2
served 118000 peer layer calls, mean 390.0 us, mean rows 354.1
served 120000 peer layer calls, mean 385.2 us, mean rows 348.3
served 122000 peer layer calls, mean 380.6 us, mean rows 342.6
served 124000 peer layer calls, mean 376.2 us, mean rows 337.1
served 126000 peer layer calls, mean 372.5 us, mean rows 331.8
served 128000 peer layer calls, mean 368.7 us, mean rows 326.7
served 130000 peer layer calls, mean 365.0 us, mean rows 321.7
served 132000 peer layer calls, mean 361.5 us, mean rows 316.9
served 134000 peer layer calls, mean 358.1 us, mean rows 312.2
served 136000 peer layer calls, mean 354.8 us, mean rows 307.7
served 138000 peer layer calls, mean 351.6 us, mean rows 303.3
served 140000 peer layer calls, mean 348.5 us, mean rows 299.0
served 142000 peer layer calls, mean 345.4 us, mean rows 294.8
served 144000 peer layer calls, mean 342.5 us, mean rows 290.8
served 146000 peer layer calls, mean 339.6 us, mean rows 286.8
served 148000 peer layer calls, mean 336.8 us, mean rows 283.0
served 150000 peer layer calls, mean 334.1 us, mean rows 279.3
served 152000 peer layer calls, mean 331.9 us, mean rows 275.7
served 154000 peer layer calls, mean 330.0 us, mean rows 272.2
served 156000 peer layer calls, mean 328.2 us, mean rows 268.8
served 158000 peer layer calls, mean 326.5 us, mean rows 265.5
served 160000 peer layer calls, mean 324.8 us, mean rows 262.3
served 162000 peer layer calls, mean 323.2 us, mean rows 259.1
served 164000 peer layer calls, mean 321.6 us, mean rows 256.1
served 166000 peer layer calls, mean 319.8 us, mean rows 253.1
served 168000 peer layer calls, mean 318.2 us, mean rows 250.1
served 170000 peer layer calls, mean 316.7 us, mean rows 247.3
served 172000 peer layer calls, mean 315.2 us, mean rows 244.5
served 174000 peer layer calls, mean 313.8 us, mean rows 241.7
served 176000 peer layer calls, mean 312.4 us, mean rows 239.1
served 178000 peer layer calls, mean 311.3 us, mean rows 236.5
served 180000 peer layer calls, mean 310.9 us, mean rows 234.0
served 182000 peer layer calls, mean 310.6 us, mean rows 231.6
served 184000 peer layer calls, mean 310.4 us, mean rows 229.2
served 186000 peer layer calls, mean 310.3 us, mean rows 226.9
served 188000 peer layer calls, mean 310.2 us, mean rows 224.6
served 190000 peer layer calls, mean 310.0 us, mean rows 222.4
served 192000 peer layer calls, mean 309.5 us, mean rows 220.3
served 194000 peer layer calls, mean 309.1 us, mean rows 218.1
served 196000 peer layer calls, mean 308.9 us, mean rows 216.0
served 198000 peer layer calls, mean 308.7 us, mean rows 214.0
served 200000 peer layer calls, mean 308.6 us, mean rows 212.0
served 202000 peer layer calls, mean 308.4 us, mean rows 210.0
served 204000 peer layer calls, mean 308.3 us, mean rows 208.1
served 206000 peer layer calls, mean 307.7 us, mean rows 206.2
served 208000 peer layer calls, mean 307.4 us, mean rows 204.4
served 210000 peer layer calls, mean 307.3 us, mean rows 202.6
served 212000 peer layer calls, mean 307.2 us, mean rows 200.8
served 214000 peer layer calls, mean 307.1 us, mean rows 199.0
served 216000 peer layer calls, mean 306.9 us, mean rows 197.3
served 218000 peer layer calls, mean 306.4 us, mean rows 195.6
served 220000 peer layer calls, mean 306.1 us, mean rows 194.0
served 222000 peer layer calls, mean 305.9 us, mean rows 192.4
served 224000 peer layer calls, mean 305.8 us, mean rows 190.8
served 226000 peer layer calls, mean 305.7 us, mean rows 189.2
served 228000 peer layer calls, mean 305.6 us, mean rows 187.6
served 230000 peer layer calls, mean 305.5 us, mean rows 186.1
served 232000 peer layer calls, mean 313.1 us, mean rows 195.0
served 234000 peer layer calls, mean 320.6 us, mean rows 204.2
served 236000 peer layer calls, mean 319.1 us, mean rows 202.5
served 238000 peer layer calls, mean 318.2 us, mean rows 201.5
served 240000 peer layer calls, mean 317.0 us, mean rows 200.2
served 242000 peer layer calls, mean 315.8 us, mean rows 198.9
served 244000 peer layer calls, mean 316.5 us, mean rows 199.9
served 246000 peer layer calls, mean 315.0 us, mean rows 198.3
served 248000 peer layer calls, mean 315.7 us, mean rows 199.2
served 250000 peer layer calls, mean 314.2 us, mean rows 197.6
served 252000 peer layer calls, mean 314.9 us, mean rows 198.6
served 254000 peer layer calls, mean 318.3 us, mean rows 202.9
served 256000 peer layer calls, mean 319.8 us, mean rows 204.8
served 258000 peer layer calls, mean 323.5 us, mean rows 209.5
served 260000 peer layer calls, mean 324.5 us, mean rows 210.9
served 262000 peer layer calls, mean 330.6 us, mean rows 218.4
served 264000 peer layer calls, mean 329.1 us, mean rows 216.8
served 266000 peer layer calls, mean 327.7 us, mean rows 215.2
served 268000 peer layer calls, mean 326.2 us, mean rows 213.6
served 270000 peer layer calls, mean 324.8 us, mean rows 212.1
served 272000 peer layer calls, mean 323.3 us, mean rows 210.5
served 274000 peer layer calls, mean 322.0 us, mean rows 209.0
served 276000 peer layer calls, mean 320.6 us, mean rows 207.5
served 278000 peer layer calls, mean 319.2 us, mean rows 206.1
served 280000 peer layer calls, mean 318.0 us, mean rows 204.6
served 282000 peer layer calls, mean 317.0 us, mean rows 203.2
served 284000 peer layer calls, mean 316.1 us, mean rows 201.8
served 286000 peer layer calls, mean 315.1 us, mean rows 200.5
served 288000 peer layer calls, mean 314.1 us, mean rows 199.1
served 290000 peer layer calls, mean 313.2 us, mean rows 197.8
served 292000 peer layer calls, mean 312.3 us, mean rows 196.5
served 294000 peer layer calls, mean 311.6 us, mean rows 195.2
served 296000 peer layer calls, mean 311.3 us, mean rows 194.0
served 298000 peer layer calls, mean 311.1 us, mean rows 192.8
served 300000 peer layer calls, mean 310.7 us, mean rows 191.6
served 302000 peer layer calls, mean 310.3 us, mean rows 190.4
served 304000 peer layer calls, mean 310.1 us, mean rows 189.2
served 306000 peer layer calls, mean 309.8 us, mean rows 188.1
served 308000 peer layer calls, mean 309.8 us, mean rows 187.0
served 310000 peer layer calls, mean 310.2 us, mean rows 186.0
served 312000 peer layer calls, mean 310.7 us, mean rows 185.0
served 314000 peer layer calls, mean 311.2 us, mean rows 184.0
served 316000 peer layer calls, mean 311.5 us, mean rows 183.0
served 318000 peer layer calls, mean 312.0 us, mean rows 182.0
served 320000 peer layer calls, mean 312.4 us, mean rows 181.0
served 322000 peer layer calls, mean 312.9 us, mean rows 180.1
served 324000 peer layer calls, mean 313.9 us, mean rows 179.3
served 326000 peer layer calls, mean 314.9 us, mean rows 178.4
served 328000 peer layer calls, mean 315.3 us, mean rows 177.6
served 330000 peer layer calls, mean 316.2 us, mean rows 176.7
served 332000 peer layer calls, mean 317.2 us, mean rows 175.9
served 334000 peer layer calls, mean 317.9 us, mean rows 175.0
served 336000 peer layer calls, mean 318.7 us, mean rows 174.3
served 338000 peer layer calls, mean 320.1 us, mean rows 173.6
served 340000 peer layer calls, mean 321.4 us, mean rows 172.9
served 342000 peer layer calls, mean 321.7 us, mean rows 172.1
served 344000 peer layer calls, mean 322.9 us, mean rows 171.5
served 346000 peer layer calls, mean 324.1 us, mean rows 170.8
served 348000 peer layer calls, mean 325.4 us, mean rows 170.1
served 350000 peer layer calls, mean 324.7 us, mean rows 169.2
served 352000 peer layer calls, mean 323.6 us, mean rows 168.2
served 354000 peer layer calls, mean 322.5 us, mean rows 167.3
served 356000 peer layer calls, mean 321.4 us, mean rows 166.4
served 358000 peer layer calls, mean 320.4 us, mean rows 165.5
served 360000 peer layer calls, mean 319.3 us, mean rows 164.6
served 362000 peer layer calls, mean 318.3 us, mean rows 163.7
served 364000 peer layer calls, mean 317.2 us, mean rows 162.8
served 366000 peer layer calls, mean 316.2 us, mean rows 161.9
served 368000 peer layer calls, mean 315.2 us, mean rows 161.0
served 370000 peer layer calls, mean 314.2 us, mean rows 160.2
served 372000 peer layer calls, mean 313.1 us, mean rows 159.3
served 374000 peer layer calls, mean 312.2 us, mean rows 158.5
served 376000 peer layer calls, mean 311.2 us, mean rows 157.7
served 378000 peer layer calls, mean 310.2 us, mean rows 156.9
served 380000 peer layer calls, mean 309.3 us, mean rows 156.1
served 382000 peer layer calls, mean 308.3 us, mean rows 155.3
served 384000 peer layer calls, mean 307.4 us, mean rows 154.5
served 386000 peer layer calls, mean 306.5 us, mean rows 153.7
served 388000 peer layer calls, mean 305.6 us, mean rows 152.9
served 390000 peer layer calls, mean 304.7 us, mean rows 152.1
served 392000 peer layer calls, mean 303.8 us, mean rows 151.4
served 394000 peer layer calls, mean 302.9 us, mean rows 150.6
served 396000 peer layer calls, mean 302.0 us, mean rows 149.9
served 398000 peer layer calls, mean 301.2 us, mean rows 149.2
served 400000 peer layer calls, mean 300.3 us, mean rows 148.4
served 402000 peer layer calls, mean 299.5 us, mean rows 147.7
served 404000 peer layer calls, mean 298.6 us, mean rows 147.0
served 406000 peer layer calls, mean 297.8 us, mean rows 146.3
served 408000 peer layer calls, mean 297.0 us, mean rows 145.6
served 410000 peer layer calls, mean 296.2 us, mean rows 144.9
served 412000 peer layer calls, mean 295.4 us, mean rows 144.2
served 414000 peer layer calls, mean 294.6 us, mean rows 143.5
served 416000 peer layer calls, mean 293.8 us, mean rows 142.8
served 418000 peer layer calls, mean 293.0 us, mean rows 142.2
served 420000 peer layer calls, mean 292.2 us, mean rows 141.5
served 422000 peer layer calls, mean 291.5 us, mean rows 140.9
served 424000 peer layer calls, mean 290.7 us, mean rows 140.2
served 426000 peer layer calls, mean 290.0 us, mean rows 139.6
served 428000 peer layer calls, mean 289.2 us, mean rows 138.9
served 430000 peer layer calls, mean 288.5 us, mean rows 138.3
served 432000 peer layer calls, mean 287.8 us, mean rows 137.7
served 434000 peer layer calls, mean 287.0 us, mean rows 137.0
served 436000 peer layer calls, mean 286.3 us, mean rows 136.4
served 438000 peer layer calls, mean 285.6 us, mean rows 135.8
served 440000 peer layer calls, mean 284.9 us, mean rows 135.2
served 442000 peer layer calls, mean 284.2 us, mean rows 134.6
served 444000 peer layer calls, mean 283.5 us, mean rows 134.0
served 446000 peer layer calls, mean 282.8 us, mean rows 133.4
served 448000 peer layer calls, mean 282.2 us, mean rows 132.9
served 450000 peer layer calls, mean 281.5 us, mean rows 132.3
served 452000 peer layer calls, mean 280.8 us, mean rows 131.7
served 454000 peer layer calls, mean 280.2 us, mean rows 131.2
served 456000 peer layer calls, mean 279.5 us, mean rows 130.6
served 458000 peer layer calls, mean 278.8 us, mean rows 130.0
served 460000 peer layer calls, mean 278.2 us, mean rows 129.5
served 462000 peer layer calls, mean 277.6 us, mean rows 128.9
served 464000 peer layer calls, mean 277.0 us, mean rows 128.4
served 466000 peer layer calls, mean 276.4 us, mean rows 127.9
served 468000 peer layer calls, mean 275.8 us, mean rows 127.3
served 470000 peer layer calls, mean 275.1 us, mean rows 126.8
served 472000 peer layer calls, mean 274.5 us, mean rows 126.3
served 474000 peer layer calls, mean 273.9 us, mean rows 125.8
served 476000 peer layer calls, mean 273.2 us, mean rows 125.2
served 478000 peer layer calls, mean 272.6 us, mean rows 124.7
served 480000 peer layer calls, mean 272.0 us, mean rows 124.2
served 482000 peer layer calls, mean 271.4 us, mean rows 123.7
served 484000 peer layer calls, mean 270.8 us, mean rows 123.2
served 486000 peer layer calls, mean 270.3 us, mean rows 122.7
served 488000 peer layer calls, mean 269.7 us, mean rows 122.2
served 490000 peer layer calls, mean 269.2 us, mean rows 121.8
served 492000 peer layer calls, mean 268.6 us, mean rows 121.3
served 494000 peer layer calls, mean 268.1 us, mean rows 120.8
served 496000 peer layer calls, mean 267.5 us, mean rows 120.3
served 498000 peer layer calls, mean 267.0 us, mean rows 119.9
served 500000 peer layer calls, mean 266.5 us, mean rows 119.4
served 502000 peer layer calls, mean 265.9 us, mean rows 118.9
served 504000 peer layer calls, mean 265.4 us, mean rows 118.5
served 506000 peer layer calls, mean 264.9 us, mean rows 118.0
served 508000 peer layer calls, mean 264.4 us, mean rows 117.6
served 510000 peer layer calls, mean 263.9 us, mean rows 117.1
served 512000 peer layer calls, mean 263.4 us, mean rows 116.7
served 514000 peer layer calls, mean 262.9 us, mean rows 116.2
served 516000 peer layer calls, mean 262.4 us, mean rows 115.8
served 518000 peer layer calls, mean 261.9 us, mean rows 115.4
served 520000 peer layer calls, mean 261.4 us, mean rows 114.9
served 522000 peer layer calls, mean 260.9 us, mean rows 114.5
served 524000 peer layer calls, mean 260.4 us, mean rows 114.1
served 526000 peer layer calls, mean 259.9 us, mean rows 113.7
served 528000 peer layer calls, mean 259.5 us, mean rows 113.2
served 530000 peer layer calls, mean 259.0 us, mean rows 112.8
served 532000 peer layer calls, mean 258.5 us, mean rows 112.4
served 534000 peer layer calls, mean 258.1 us, mean rows 112.0
served 536000 peer layer calls, mean 257.6 us, mean rows 111.6
served 538000 peer layer calls, mean 257.1 us, mean rows 111.2
served 540000 peer layer calls, mean 256.7 us, mean rows 110.8
served 542000 peer layer calls, mean 256.2 us, mean rows 110.4
served 544000 peer layer calls, mean 255.8 us, mean rows 110.0
served 546000 peer layer calls, mean 255.4 us, mean rows 109.6
served 548000 peer layer calls, mean 254.9 us, mean rows 109.2
served 550000 peer layer calls, mean 254.5 us, mean rows 108.8
served 552000 peer layer calls, mean 254.0 us, mean rows 108.5
served 554000 peer layer calls, mean 253.6 us, mean rows 108.1
served 556000 peer layer calls, mean 253.2 us, mean rows 107.7
served 558000 peer layer calls, mean 252.7 us, mean rows 107.3
served 560000 peer layer calls, mean 252.3 us, mean rows 107.0
served 562000 peer layer calls, mean 251.9 us, mean rows 106.6
served 564000 peer layer calls, mean 251.5 us, mean rows 106.2
served 566000 peer layer calls, mean 251.1 us, mean rows 105.9
served 568000 peer layer calls, mean 250.6 us, mean rows 105.5
served 570000 peer layer calls, mean 250.2 us, mean rows 105.1
served 572000 peer layer calls, mean 249.8 us, mean rows 104.8
served 574000 peer layer calls, mean 249.4 us, mean rows 104.4
served 576000 peer layer calls, mean 249.0 us, mean rows 104.1
served 578000 peer layer calls, mean 248.6 us, mean rows 103.7
served 580000 peer layer calls, mean 248.2 us, mean rows 103.4
served 582000 peer layer calls, mean 247.8 us, mean rows 103.0
served 584000 peer layer calls, mean 247.5 us, mean rows 102.7
served 586000 peer layer calls, mean 247.1 us, mean rows 102.4
served 588000 peer layer calls, mean 246.7 us, mean rows 102.0
served 590000 peer layer calls, mean 246.3 us, mean rows 101.7
served 592000 peer layer calls, mean 245.9 us, mean rows 101.4
served 594000 peer layer calls, mean 245.6 us, mean rows 101.0
served 596000 peer layer calls, mean 245.2 us, mean rows 100.7
served 598000 peer layer calls, mean 244.8 us, mean rows 100.4
served 600000 peer layer calls, mean 244.4 us, mean rows 100.1
served 602000 peer layer calls, mean 244.1 us, mean rows 99.7
served 604000 peer layer calls, mean 243.7 us, mean rows 99.4
served 606000 peer layer calls, mean 243.4 us, mean rows 99.1
served 608000 peer layer calls, mean 243.0 us, mean rows 98.8
served 610000 peer layer calls, mean 242.6 us, mean rows 98.5
served 612000 peer layer calls, mean 242.3 us, mean rows 98.2
served 614000 peer layer calls, mean 241.9 us, mean rows 97.9
served 616000 peer layer calls, mean 241.6 us, mean rows 97.5
served 618000 peer layer calls, mean 241.2 us, mean rows 97.2
served 620000 peer layer calls, mean 240.9 us, mean rows 96.9
served 622000 peer layer calls, mean 240.5 us, mean rows 96.6
served 624000 peer layer calls, mean 240.2 us, mean rows 96.3
served 626000 peer layer calls, mean 239.8 us, mean rows 96.0
served 628000 peer layer calls, mean 239.5 us, mean rows 95.7
served 630000 peer layer calls, mean 239.2 us, mean rows 95.5
served 632000 peer layer calls, mean 238.8 us, mean rows 95.2
served 634000 peer layer calls, mean 238.5 us, mean rows 94.9
served 636000 peer layer calls, mean 238.2 us, mean rows 94.6
served 638000 peer layer calls, mean 237.9 us, mean rows 94.3
served 640000 peer layer calls, mean 237.5 us, mean rows 94.0
served 642000 peer layer calls, mean 237.2 us, mean rows 93.7
served 644000 peer layer calls, mean 236.9 us, mean rows 93.5
served 646000 peer layer calls, mean 236.6 us, mean rows 93.2
served 648000 peer layer calls, mean 236.3 us, mean rows 92.9
served 650000 peer layer calls, mean 236.0 us, mean rows 92.6
served 652000 peer layer calls, mean 235.7 us, mean rows 92.3
served 654000 peer layer calls, mean 235.3 us, mean rows 92.1
served 656000 peer layer calls, mean 235.0 us, mean rows 91.8
served 658000 peer layer calls, mean 234.7 us, mean rows 91.5
served 660000 peer layer calls, mean 234.4 us, mean rows 91.3
served 662000 peer layer calls, mean 234.1 us, mean rows 91.0
served 664000 peer layer calls, mean 233.8 us, mean rows 90.7
served 666000 peer layer calls, mean 233.5 us, mean rows 90.5
served 668000 peer layer calls, mean 233.2 us, mean rows 90.2
served 670000 peer layer calls, mean 232.9 us, mean rows 90.0
served 672000 peer layer calls, mean 232.6 us, mean rows 89.7
served 674000 peer layer calls, mean 232.3 us, mean rows 89.4
served 676000 peer layer calls, mean 232.0 us, mean rows 89.2
served 678000 peer layer calls, mean 231.7 us, mean rows 88.9
served 680000 peer layer calls, mean 231.4 us, mean rows 88.7
served 682000 peer layer calls, mean 231.1 us, mean rows 88.4
served 684000 peer layer calls, mean 230.8 us, mean rows 88.2
served 686000 peer layer calls, mean 230.5 us, mean rows 87.9
served 688000 peer layer calls, mean 230.2 us, mean rows 87.7
served 690000 peer layer calls, mean 229.9 us, mean rows 87.4
served 692000 peer layer calls, mean 229.6 us, mean rows 87.2
served 694000 peer layer calls, mean 229.3 us, mean rows 87.0
served 696000 peer layer calls, mean 229.1 us, mean rows 86.7
served 698000 peer layer calls, mean 228.8 us, mean rows 86.5
served 700000 peer layer calls, mean 228.5 us, mean rows 86.2
served 702000 peer layer calls, mean 228.2 us, mean rows 86.0
served 704000 peer layer calls, mean 227.9 us, mean rows 85.8
served 706000 peer layer calls, mean 227.7 us, mean rows 85.5
served 708000 peer layer calls, mean 227.4 us, mean rows 85.3
served 710000 peer layer calls, mean 227.1 us, mean rows 85.1
served 712000 peer layer calls, mean 226.8 us, mean rows 84.8
served 714000 peer layer calls, mean 226.6 us, mean rows 84.6
served 716000 peer layer calls, mean 226.3 us, mean rows 84.4
served 718000 peer layer calls, mean 226.0 us, mean rows 84.2
served 720000 peer layer calls, mean 225.8 us, mean rows 83.9
served 722000 peer layer calls, mean 225.5 us, mean rows 83.7
served 724000 peer layer calls, mean 225.3 us, mean rows 83.5
served 726000 peer layer calls, mean 225.0 us, mean rows 83.3
served 728000 peer layer calls, mean 224.7 us, mean rows 83.0
served 730000 peer layer calls, mean 224.5 us, mean rows 82.8
served 732000 peer layer calls, mean 224.2 us, mean rows 82.6
served 734000 peer layer calls, mean 224.0 us, mean rows 82.4
served 736000 peer layer calls, mean 223.7 us, mean rows 82.2
served 738000 peer layer calls, mean 223.5 us, mean rows 82.0
served 740000 peer layer calls, mean 223.3 us, mean rows 81.8
served 742000 peer layer calls, mean 223.0 us, mean rows 81.5
served 744000 peer layer calls, mean 222.8 us, mean rows 81.3
served 746000 peer layer calls, mean 222.5 us, mean rows 81.1
served 748000 peer layer calls, mean 222.3 us, mean rows 80.9
served 750000 peer layer calls, mean 222.0 us, mean rows 80.7
served 752000 peer layer calls, mean 221.8 us, mean rows 80.5
served 754000 peer layer calls, mean 221.6 us, mean rows 80.3
served 756000 peer layer calls, mean 221.3 us, mean rows 80.1
served 758000 peer layer calls, mean 221.1 us, mean rows 79.9
served 760000 peer layer calls, mean 220.9 us, mean rows 79.7
served 762000 peer layer calls, mean 220.6 us, mean rows 79.5
served 764000 peer layer calls, mean 220.4 us, mean rows 79.3
served 766000 peer layer calls, mean 220.2 us, mean rows 79.1
served 768000 peer layer calls, mean 219.9 us, mean rows 78.9
served 770000 peer layer calls, mean 219.7 us, mean rows 78.7
served 772000 peer layer calls, mean 219.5 us, mean rows 78.5
served 774000 peer layer calls, mean 219.3 us, mean rows 78.3
served 776000 peer layer calls, mean 219.0 us, mean rows 78.1
served 778000 peer layer calls, mean 218.8 us, mean rows 77.9
served 780000 peer layer calls, mean 218.6 us, mean rows 77.7
served 782000 peer layer calls, mean 218.4 us, mean rows 77.5
served 784000 peer layer calls, mean 218.1 us, mean rows 77.4
served 786000 peer layer calls, mean 217.9 us, mean rows 77.2
served 788000 peer layer calls, mean 217.7 us, mean rows 77.0
served 790000 peer layer calls, mean 217.5 us, mean rows 76.8
served 792000 peer layer calls, mean 217.3 us, mean rows 76.6
served 794000 peer layer calls, mean 217.0 us, mean rows 76.4
served 796000 peer layer calls, mean 216.8 us, mean rows 76.2
served 798000 peer layer calls, mean 216.6 us, mean rows 76.1
served 800000 peer layer calls, mean 216.4 us, mean rows 75.9
served 802000 peer layer calls, mean 216.2 us, mean rows 75.7
served 804000 peer layer calls, mean 216.0 us, mean rows 75.5
served 806000 peer layer calls, mean 215.7 us, mean rows 75.3
served 808000 peer layer calls, mean 215.5 us, mean rows 75.2
served 810000 peer layer calls, mean 215.3 us, mean rows 75.0
served 812000 peer layer calls, mean 215.1 us, mean rows 74.8
served 814000 peer layer calls, mean 214.9 us, mean rows 74.6
served 816000 peer layer calls, mean 214.7 us, mean rows 74.4
served 818000 peer layer calls, mean 214.5 us, mean rows 74.3
served 820000 peer layer calls, mean 214.3 us, mean rows 74.1
served 822000 peer layer calls, mean 214.1 us, mean rows 73.9
served 824000 peer layer calls, mean 213.9 us, mean rows 73.8
served 826000 peer layer calls, mean 213.7 us, mean rows 73.6
served 828000 peer layer calls, mean 213.5 us, mean rows 73.4
served 830000 peer layer calls, mean 213.3 us, mean rows 73.2
served 832000 peer layer calls, mean 213.1 us, mean rows 73.1
served 834000 peer layer calls, mean 212.9 us, mean rows 72.9
served 836000 peer layer calls, mean 212.7 us, mean rows 72.7
served 838000 peer layer calls, mean 212.5 us, mean rows 72.6
served 840000 peer layer calls, mean 212.3 us, mean rows 72.4
served 842000 peer layer calls, mean 212.1 us, mean rows 72.3
served 844000 peer layer calls, mean 212.0 us, mean rows 72.1
served 846000 peer layer calls, mean 211.8 us, mean rows 71.9
served 848000 peer layer calls, mean 211.6 us, mean rows 71.8
served 850000 peer layer calls, mean 211.4 us, mean rows 71.6
served 852000 peer layer calls, mean 211.2 us, mean rows 71.4
served 854000 peer layer calls, mean 211.0 us, mean rows 71.3
served 856000 peer layer calls, mean 210.8 us, mean rows 71.1
served 858000 peer layer calls, mean 210.6 us, mean rows 71.0
served 860000 peer layer calls, mean 210.4 us, mean rows 70.8
served 862000 peer layer calls, mean 210.2 us, mean rows 70.6
served 864000 peer layer calls, mean 210.0 us, mean rows 70.5
served 866000 peer layer calls, mean 209.9 us, mean rows 70.3
served 868000 peer layer calls, mean 209.7 us, mean rows 70.2
served 870000 peer layer calls, mean 209.5 us, mean rows 70.0
served 872000 peer layer calls, mean 209.3 us, mean rows 69.9
served 874000 peer layer calls, mean 209.1 us, mean rows 69.7
served 876000 peer layer calls, mean 209.0 us, mean rows 69.6
served 878000 peer layer calls, mean 208.8 us, mean rows 69.4
served 880000 peer layer calls, mean 208.6 us, mean rows 69.3
served 882000 peer layer calls, mean 208.4 us, mean rows 69.1
served 884000 peer layer calls, mean 208.2 us, mean rows 69.0
served 886000 peer layer calls, mean 208.1 us, mean rows 68.8
served 888000 peer layer calls, mean 207.9 us, mean rows 68.7
served 890000 peer layer calls, mean 207.7 us, mean rows 68.5
served 892000 peer layer calls, mean 207.5 us, mean rows 68.4
served 894000 peer layer calls, mean 207.4 us, mean rows 68.2
served 896000 peer layer calls, mean 207.2 us, mean rows 68.1
served 898000 peer layer calls, mean 207.1 us, mean rows 67.9
served 900000 peer layer calls, mean 206.9 us, mean rows 67.8
served 902000 peer layer calls, mean 206.7 us, mean rows 67.7
served 904000 peer layer calls, mean 206.5 us, mean rows 67.5
served 906000 peer layer calls, mean 206.4 us, mean rows 67.4
served 908000 peer layer calls, mean 206.2 us, mean rows 67.2
served 910000 peer layer calls, mean 206.0 us, mean rows 67.1
served 912000 peer layer calls, mean 205.9 us, mean rows 67.0
served 914000 peer layer calls, mean 205.7 us, mean rows 66.8
served 916000 peer layer calls, mean 205.5 us, mean rows 66.7
served 918000 peer layer calls, mean 205.4 us, mean rows 66.5
served 920000 peer layer calls, mean 205.2 us, mean rows 66.4
served 922000 peer layer calls, mean 205.1 us, mean rows 66.3
served 924000 peer layer calls, mean 204.9 us, mean rows 66.1
served 926000 peer layer calls, mean 204.7 us, mean rows 66.0
served 928000 peer layer calls, mean 204.6 us, mean rows 65.9
served 930000 peer layer calls, mean 204.4 us, mean rows 65.7
served 932000 peer layer calls, mean 204.3 us, mean rows 65.6
served 934000 peer layer calls, mean 204.1 us, mean rows 65.5
served 936000 peer layer calls, mean 203.9 us, mean rows 65.3
served 938000 peer layer calls, mean 203.8 us, mean rows 65.2
served 940000 peer layer calls, mean 203.6 us, mean rows 65.1
served 942000 peer layer calls, mean 203.5 us, mean rows 64.9
served 944000 peer layer calls, mean 203.3 us, mean rows 64.8
served 946000 peer layer calls, mean 203.2 us, mean rows 64.7
served 948000 peer layer calls, mean 203.0 us, mean rows 64.5
served 950000 peer layer calls, mean 202.8 us, mean rows 64.4
served 952000 peer layer calls, mean 202.7 us, mean rows 64.3
served 954000 peer layer calls, mean 202.5 us, mean rows 64.2
served 956000 peer layer calls, mean 202.4 us, mean rows 64.0
served 958000 peer layer calls, mean 202.2 us, mean rows 63.9
served 960000 peer layer calls, mean 202.1 us, mean rows 63.8
served 962000 peer layer calls, mean 201.9 us, mean rows 63.6
served 964000 peer layer calls, mean 201.8 us, mean rows 63.5
served 966000 peer layer calls, mean 201.6 us, mean rows 63.4
served 968000 peer layer calls, mean 201.4 us, mean rows 63.3
served 970000 peer layer calls, mean 201.3 us, mean rows 63.1
served 972000 peer layer calls, mean 201.1 us, mean rows 63.0
served 974000 peer layer calls, mean 201.0 us, mean rows 62.9
served 976000 peer layer calls, mean 200.9 us, mean rows 62.8
served 978000 peer layer calls, mean 200.7 us, mean rows 62.7
served 980000 peer layer calls, mean 200.6 us, mean rows 62.5
served 982000 peer layer calls, mean 200.4 us, mean rows 62.4
served 984000 peer layer calls, mean 200.3 us, mean rows 62.3
served 986000 peer layer calls, mean 200.2 us, mean rows 62.2
served 988000 peer layer calls, mean 200.0 us, mean rows 62.1
served 990000 peer layer calls, mean 199.9 us, mean rows 61.9
served 992000 peer layer calls, mean 199.7 us, mean rows 61.8
served 994000 peer layer calls, mean 199.6 us, mean rows 61.7
served 996000 peer layer calls, mean 199.5 us, mean rows 61.6
served 998000 peer layer calls, mean 199.3 us, mean rows 61.5
served 1000000 peer layer calls, mean 199.2 us, mean rows 61.4
served 1002000 peer layer calls, mean 199.0 us, mean rows 61.2
served 1004000 peer layer calls, mean 198.9 us, mean rows 61.1
served 1006000 peer layer calls, mean 198.8 us, mean rows 61.0
served 1008000 peer layer calls, mean 198.6 us, mean rows 60.9
served 1010000 peer layer calls, mean 198.5 us, mean rows 60.8
served 1012000 peer layer calls, mean 198.3 us, mean rows 60.7
served 1014000 peer layer calls, mean 198.2 us, mean rows 60.5
served 1016000 peer layer calls, mean 198.1 us, mean rows 60.4
served 1018000 peer layer calls, mean 197.9 us, mean rows 60.3
served 1020000 peer layer calls, mean 197.8 us, mean rows 60.2
served 1022000 peer layer calls, mean 197.6 us, mean rows 60.1
served 1024000 peer layer calls, mean 197.5 us, mean rows 60.0
served 1026000 peer layer calls, mean 197.4 us, mean rows 59.9
served 1028000 peer layer calls, mean 197.3 us, mean rows 59.8
served 1030000 peer layer calls, mean 197.1 us, mean rows 59.7
served 1032000 peer layer calls, mean 197.0 us, mean rows 59.6
served 1034000 peer layer calls, mean 196.9 us, mean rows 59.4
served 1036000 peer layer calls, mean 196.7 us, mean rows 59.3
served 1038000 peer layer calls, mean 196.6 us, mean rows 59.2
served 1040000 peer layer calls, mean 196.5 us, mean rows 59.1
served 1042000 peer layer calls, mean 196.3 us, mean rows 59.0
served 1044000 peer layer calls, mean 196.2 us, mean rows 58.9
served 1046000 peer layer calls, mean 196.1 us, mean rows 58.8
served 1048000 peer layer calls, mean 195.9 us, mean rows 58.7
served 1050000 peer layer calls, mean 195.8 us, mean rows 58.6
served 1052000 peer layer calls, mean 195.7 us, mean rows 58.5
served 1054000 peer layer calls, mean 195.6 us, mean rows 58.4
served 1056000 peer layer calls, mean 195.4 us, mean rows 58.3
served 1058000 peer layer calls, mean 195.3 us, mean rows 58.2
served 1060000 peer layer calls, mean 195.2 us, mean rows 58.1
served 1062000 peer layer calls, mean 195.0 us, mean rows 58.0
served 1064000 peer layer calls, mean 194.9 us, mean rows 57.9
served 1066000 peer layer calls, mean 194.8 us, mean rows 57.8
served 1068000 peer layer calls, mean 194.7 us, mean rows 57.7
served 1070000 peer layer calls, mean 194.5 us, mean rows 57.5
served 1072000 peer layer calls, mean 194.4 us, mean rows 57.4
served 1074000 peer layer calls, mean 194.3 us, mean rows 57.3
served 1076000 peer layer calls, mean 194.1 us, mean rows 57.2
served 1078000 peer layer calls, mean 194.0 us, mean rows 57.1
served 1080000 peer layer calls, mean 193.9 us, mean rows 57.0
served 1082000 peer layer calls, mean 193.8 us, mean rows 56.9
served 1084000 peer layer calls, mean 193.7 us, mean rows 56.8
served 1086000 peer layer calls, mean 193.5 us, mean rows 56.7
served 1088000 peer layer calls, mean 193.4 us, mean rows 56.6
served 1090000 peer layer calls, mean 193.3 us, mean rows 56.6
served 1092000 peer layer calls, mean 193.2 us, mean rows 56.5
served 1094000 peer layer calls, mean 193.1 us, mean rows 56.4
served 1096000 peer layer calls, mean 192.9 us, mean rows 56.3
served 1098000 peer layer calls, mean 192.8 us, mean rows 56.2
served 1100000 peer layer calls, mean 192.7 us, mean rows 56.1
served 1102000 peer layer calls, mean 192.6 us, mean rows 56.0
served 1104000 peer layer calls, mean 192.5 us, mean rows 55.9
served 1106000 peer layer calls, mean 192.4 us, mean rows 55.8
served 1108000 peer layer calls, mean 192.3 us, mean rows 55.7
served 1110000 peer layer calls, mean 192.2 us, mean rows 55.6
served 1112000 peer layer calls, mean 192.1 us, mean rows 55.5
served 1114000 peer layer calls, mean 192.0 us, mean rows 55.4
served 1116000 peer layer calls, mean 191.9 us, mean rows 55.3
served 1118000 peer layer calls, mean 191.8 us, mean rows 55.2
served 1120000 peer layer calls, mean 191.7 us, mean rows 55.1
served 1122000 peer layer calls, mean 191.5 us, mean rows 55.0
served 1124000 peer layer calls, mean 191.4 us, mean rows 54.9
served 1126000 peer layer calls, mean 191.3 us, mean rows 54.8
served 1128000 peer layer calls, mean 191.2 us, mean rows 54.8
served 1130000 peer layer calls, mean 191.1 us, mean rows 54.7
served 1132000 peer layer calls, mean 191.0 us, mean rows 54.6
served 1134000 peer layer calls, mean 190.9 us, mean rows 54.5
served 1136000 peer layer calls, mean 190.8 us, mean rows 54.4
served 1138000 peer layer calls, mean 190.7 us, mean rows 54.3
served 1140000 peer layer calls, mean 190.6 us, mean rows 54.2
served 1142000 peer layer calls, mean 190.5 us, mean rows 54.1
served 1144000 peer layer calls, mean 190.4 us, mean rows 54.0
served 1146000 peer layer calls, mean 190.3 us, mean rows 53.9
served 1148000 peer layer calls, mean 190.2 us, mean rows 53.9
served 1150000 peer layer calls, mean 190.1 us, mean rows 53.8
served 1152000 peer layer calls, mean 190.0 us, mean rows 53.7
served 1154000 peer layer calls, mean 189.9 us, mean rows 53.6
served 1156000 peer layer calls, mean 189.8 us, mean rows 53.5
served 1158000 peer layer calls, mean 189.7 us, mean rows 53.4
served 1160000 peer layer calls, mean 189.6 us, mean rows 53.3
served 1162000 peer layer calls, mean 189.5 us, mean rows 53.3
served 1164000 peer layer calls, mean 189.3 us, mean rows 53.2
served 1166000 peer layer calls, mean 189.3 us, mean rows 53.1
served 1168000 peer layer calls, mean 189.1 us, mean rows 53.0
served 1170000 peer layer calls, mean 189.0 us, mean rows 52.9
served 1172000 peer layer calls, mean 188.9 us, mean rows 52.8
served 1174000 peer layer calls, mean 188.8 us, mean rows 52.7
served 1176000 peer layer calls, mean 188.7 us, mean rows 52.7
served 1178000 peer layer calls, mean 188.6 us, mean rows 52.6
served 1180000 peer layer calls, mean 188.5 us, mean rows 52.5
served 1182000 peer layer calls, mean 188.4 us, mean rows 52.4
served 1184000 peer layer calls, mean 188.3 us, mean rows 52.3
served 1186000 peer layer calls, mean 188.2 us, mean rows 52.2
served 1188000 peer layer calls, mean 188.1 us, mean rows 52.2
served 1190000 peer layer calls, mean 188.1 us, mean rows 52.1
served 1192000 peer layer calls, mean 188.0 us, mean rows 52.0
served 1194000 peer layer calls, mean 187.9 us, mean rows 51.9
served 1196000 peer layer calls, mean 187.8 us, mean rows 51.8
served 1198000 peer layer calls, mean 187.7 us, mean rows 51.7
served 1200000 peer layer calls, mean 187.6 us, mean rows 51.7
served 1202000 peer layer calls, mean 187.5 us, mean rows 51.6
served 1204000 peer layer calls, mean 187.4 us, mean rows 51.5
served 1206000 peer layer calls, mean 187.3 us, mean rows 51.4
served 1208000 peer layer calls, mean 187.2 us, mean rows 51.3
served 1210000 peer layer calls, mean 187.1 us, mean rows 51.3
served 1212000 peer layer calls, mean 187.0 us, mean rows 51.2
served 1214000 peer layer calls, mean 186.9 us, mean rows 51.1
served 1216000 peer layer calls, mean 186.8 us, mean rows 51.0
served 1218000 peer layer calls, mean 186.7 us, mean rows 51.0
served 1220000 peer layer calls, mean 186.6 us, mean rows 50.9
served 1222000 peer layer calls, mean 186.5 us, mean rows 50.8
served 1224000 peer layer calls, mean 186.5 us, mean rows 50.7
served 1226000 peer layer calls, mean 186.4 us, mean rows 50.6
served 1228000 peer layer calls, mean 186.3 us, mean rows 50.6
served 1230000 peer layer calls, mean 186.2 us, mean rows 50.5
served 1232000 peer layer calls, mean 186.1 us, mean rows 50.4
served 1234000 peer layer calls, mean 186.0 us, mean rows 50.3
served 1236000 peer layer calls, mean 185.9 us, mean rows 50.3
served 1238000 peer layer calls, mean 185.8 us, mean rows 50.2
served 1240000 peer layer calls, mean 185.7 us, mean rows 50.1
served 1242000 peer layer calls, mean 185.6 us, mean rows 50.0
served 1244000 peer layer calls, mean 185.5 us, mean rows 50.0
served 1246000 peer layer calls, mean 185.4 us, mean rows 49.9
served 1248000 peer layer calls, mean 185.4 us, mean rows 49.8
served 1250000 peer layer calls, mean 185.3 us, mean rows 49.7
served 1252000 peer layer calls, mean 185.2 us, mean rows 49.7
served 1254000 peer layer calls, mean 185.1 us, mean rows 49.6
served 1256000 peer layer calls, mean 185.0 us, mean rows 49.5
served 1258000 peer layer calls, mean 184.9 us, mean rows 49.4
served 1260000 peer layer calls, mean 184.8 us, mean rows 49.4
served 1262000 peer layer calls, mean 184.7 us, mean rows 49.3
served 1264000 peer layer calls, mean 184.6 us, mean rows 49.2
served 1266000 peer layer calls, mean 184.5 us, mean rows 49.1
served 1268000 peer layer calls, mean 184.5 us, mean rows 49.1
served 1270000 peer layer calls, mean 184.4 us, mean rows 49.0
served 1272000 peer layer calls, mean 184.3 us, mean rows 48.9
served 1274000 peer layer calls, mean 184.2 us, mean rows 48.9
served 1276000 peer layer calls, mean 184.1 us, mean rows 48.8
served 1278000 peer layer calls, mean 184.0 us, mean rows 48.7
served 1280000 peer layer calls, mean 183.9 us, mean rows 48.6
served 1282000 peer layer calls, mean 183.8 us, mean rows 48.6
served 1284000 peer layer calls, mean 183.7 us, mean rows 48.5
served 1286000 peer layer calls, mean 183.7 us, mean rows 48.4
served 1288000 peer layer calls, mean 183.6 us, mean rows 48.4
served 1290000 peer layer calls, mean 183.5 us, mean rows 48.3
served 1292000 peer layer calls, mean 183.4 us, mean rows 48.2
served 1294000 peer layer calls, mean 183.3 us, mean rows 48.2
served 1296000 peer layer calls, mean 183.2 us, mean rows 48.1
served 1298000 peer layer calls, mean 183.2 us, mean rows 48.0
served 1300000 peer layer calls, mean 183.1 us, mean rows 47.9
served 1302000 peer layer calls, mean 183.0 us, mean rows 47.9
served 1304000 peer layer calls, mean 182.9 us, mean rows 47.8
served 1306000 peer layer calls, mean 182.8 us, mean rows 47.7
served 1308000 peer layer calls, mean 182.7 us, mean rows 47.7
served 1310000 peer layer calls, mean 182.7 us, mean rows 47.6
served 1312000 peer layer calls, mean 182.6 us, mean rows 47.5
served 1314000 peer layer calls, mean 182.5 us, mean rows 47.5
served 1316000 peer layer calls, mean 182.4 us, mean rows 47.4
served 1318000 peer layer calls, mean 182.3 us, mean rows 47.3
served 1320000 peer layer calls, mean 182.2 us, mean rows 47.3
served 1322000 peer layer calls, mean 182.2 us, mean rows 47.2
served 1324000 peer layer calls, mean 182.1 us, mean rows 47.1
served 1326000 peer layer calls, mean 182.0 us, mean rows 47.1
served 1328000 peer layer calls, mean 181.9 us, mean rows 47.0
served 1330000 peer layer calls, mean 181.9 us, mean rows 46.9
served 1332000 peer layer calls, mean 181.8 us, mean rows 46.9
served 1334000 peer layer calls, mean 181.7 us, mean rows 46.8
served 1336000 peer layer calls, mean 181.6 us, mean rows 46.7
served 1338000 peer layer calls, mean 181.6 us, mean rows 46.7
served 1340000 peer layer calls, mean 181.5 us, mean rows 46.6
served 1342000 peer layer calls, mean 181.4 us, mean rows 46.5
served 1344000 peer layer calls, mean 181.3 us, mean rows 46.5
served 1346000 peer layer calls, mean 181.3 us, mean rows 46.4
served 1348000 peer layer calls, mean 181.2 us, mean rows 46.4
served 1350000 peer layer calls, mean 181.1 us, mean rows 46.3
served 1352000 peer layer calls, mean 181.0 us, mean rows 46.2
served 1354000 peer layer calls, mean 180.9 us, mean rows 46.2
served 1356000 peer layer calls, mean 180.9 us, mean rows 46.1
served 1358000 peer layer calls, mean 180.8 us, mean rows 46.0
served 1360000 peer layer calls, mean 180.7 us, mean rows 46.0
served 1362000 peer layer calls, mean 180.6 us, mean rows 45.9
served 1364000 peer layer calls, mean 180.5 us, mean rows 45.8
served 1366000 peer layer calls, mean 180.5 us, mean rows 45.8
served 1368000 peer layer calls, mean 180.4 us, mean rows 45.7
served 1370000 peer layer calls, mean 180.3 us, mean rows 45.7
served 1372000 peer layer calls, mean 180.2 us, mean rows 45.6
served 1374000 peer layer calls, mean 180.1 us, mean rows 45.5
served 1376000 peer layer calls, mean 180.1 us, mean rows 45.5
served 1378000 peer layer calls, mean 180.0 us, mean rows 45.4
served 1380000 peer layer calls, mean 179.9 us, mean rows 45.4
served 1382000 peer layer calls, mean 179.8 us, mean rows 45.3
served 1384000 peer layer calls, mean 179.7 us, mean rows 45.2
served 1386000 peer layer calls, mean 179.7 us, mean rows 45.2
served 1388000 peer layer calls, mean 179.6 us, mean rows 45.1
served 1390000 peer layer calls, mean 179.5 us, mean rows 45.0
served 1392000 peer layer calls, mean 179.4 us, mean rows 45.0
served 1394000 peer layer calls, mean 179.4 us, mean rows 44.9
served 1396000 peer layer calls, mean 179.3 us, mean rows 44.9
served 1398000 peer layer calls, mean 179.2 us, mean rows 44.8
served 1400000 peer layer calls, mean 179.2 us, mean rows 44.7
served 1402000 peer layer calls, mean 179.1 us, mean rows 44.7
served 1404000 peer layer calls, mean 179.0 us, mean rows 44.6
served 1406000 peer layer calls, mean 179.0 us, mean rows 44.6
served 1408000 peer layer calls, mean 178.9 us, mean rows 44.5
served 1410000 peer layer calls, mean 178.8 us, mean rows 44.5
served 1412000 peer layer calls, mean 178.8 us, mean rows 44.4
served 1414000 peer layer calls, mean 178.7 us, mean rows 44.3
served 1416000 peer layer calls, mean 178.6 us, mean rows 44.3
served 1418000 peer layer calls, mean 178.6 us, mean rows 44.2
served 1420000 peer layer calls, mean 178.5 us, mean rows 44.2
served 1422000 peer layer calls, mean 178.4 us, mean rows 44.1
served 1424000 peer layer calls, mean 178.3 us, mean rows 44.0
served 1426000 peer layer calls, mean 178.2 us, mean rows 44.0
served 1428000 peer layer calls, mean 178.2 us, mean rows 43.9
served 1430000 peer layer calls, mean 178.1 us, mean rows 43.9
served 1432000 peer layer calls, mean 178.0 us, mean rows 43.8
served 1434000 peer layer calls, mean 177.9 us, mean rows 43.8
served 1436000 peer layer calls, mean 177.9 us, mean rows 43.7
served 1438000 peer layer calls, mean 177.8 us, mean rows 43.7
served 1440000 peer layer calls, mean 177.7 us, mean rows 43.6
served 1442000 peer layer calls, mean 177.7 us, mean rows 43.5
served 1444000 peer layer calls, mean 177.6 us, mean rows 43.5
served 1446000 peer layer calls, mean 177.5 us, mean rows 43.4
served 1448000 peer layer calls, mean 177.4 us, mean rows 43.4
served 1450000 peer layer calls, mean 177.4 us, mean rows 43.3
served 1452000 peer layer calls, mean 177.3 us, mean rows 43.3
served 1454000 peer layer calls, mean 177.2 us, mean rows 43.2
served 1456000 peer layer calls, mean 177.2 us, mean rows 43.2
served 1458000 peer layer calls, mean 177.1 us, mean rows 43.1
served 1460000 peer layer calls, mean 177.0 us, mean rows 43.0
served 1462000 peer layer calls, mean 177.0 us, mean rows 43.0
served 1464000 peer layer calls, mean 176.9 us, mean rows 42.9
served 1466000 peer layer calls, mean 176.8 us, mean rows 42.9
served 1468000 peer layer calls, mean 176.7 us, mean rows 42.8
served 1470000 peer layer calls, mean 176.7 us, mean rows 42.8
served 1472000 peer layer calls, mean 176.6 us, mean rows 42.7
served 1474000 peer layer calls, mean 176.5 us, mean rows 42.7
served 1476000 peer layer calls, mean 176.5 us, mean rows 42.6
served 1478000 peer layer calls, mean 176.4 us, mean rows 42.6
served 1480000 peer layer calls, mean 176.3 us, mean rows 42.5
served 1482000 peer layer calls, mean 176.3 us, mean rows 42.4
served 1484000 peer layer calls, mean 176.2 us, mean rows 42.4
served 1486000 peer layer calls, mean 176.1 us, mean rows 42.3
served 1488000 peer layer calls, mean 176.1 us, mean rows 42.3
served 1490000 peer layer calls, mean 176.0 us, mean rows 42.2
served 1492000 peer layer calls, mean 175.9 us, mean rows 42.2
served 1494000 peer layer calls, mean 175.9 us, mean rows 42.1
served 1496000 peer layer calls, mean 175.8 us, mean rows 42.1
served 1498000 peer layer calls, mean 175.8 us, mean rows 42.0
served 1500000 peer layer calls, mean 175.7 us, mean rows 42.0
served 1502000 peer layer calls, mean 175.6 us, mean rows 41.9
served 1504000 peer layer calls, mean 175.6 us, mean rows 41.9
served 1506000 peer layer calls, mean 175.5 us, mean rows 41.8
served 1508000 peer layer calls, mean 175.5 us, mean rows 41.8
served 1510000 peer layer calls, mean 175.4 us, mean rows 41.7
served 1512000 peer layer calls, mean 175.3 us, mean rows 41.7
served 1514000 peer layer calls, mean 175.3 us, mean rows 41.6
served 1516000 peer layer calls, mean 175.2 us, mean rows 41.6
served 1518000 peer layer calls, mean 175.1 us, mean rows 41.5
served 1520000 peer layer calls, mean 175.1 us, mean rows 41.5
served 1522000 peer layer calls, mean 175.0 us, mean rows 41.4
served 1524000 peer layer calls, mean 175.0 us, mean rows 41.4
served 1526000 peer layer calls, mean 174.9 us, mean rows 41.3
served 1528000 peer layer calls, mean 174.8 us, mean rows 41.3
served 1530000 peer layer calls, mean 174.8 us, mean rows 41.2
served 1532000 peer layer calls, mean 174.7 us, mean rows 41.2
served 1534000 peer layer calls, mean 174.7 us, mean rows 41.1
served 1536000 peer layer calls, mean 174.6 us, mean rows 41.1
served 1538000 peer layer calls, mean 174.6 us, mean rows 41.0
served 1540000 peer layer calls, mean 174.5 us, mean rows 41.0
served 1542000 peer layer calls, mean 174.4 us, mean rows 40.9
served 1544000 peer layer calls, mean 174.4 us, mean rows 40.9
served 1546000 peer layer calls, mean 174.3 us, mean rows 40.8
served 1548000 peer layer calls, mean 174.3 us, mean rows 40.8
served 1550000 peer layer calls, mean 174.2 us, mean rows 40.7
served 1552000 peer layer calls, mean 174.2 us, mean rows 40.7
served 1554000 peer layer calls, mean 174.1 us, mean rows 40.6
served 1556000 peer layer calls, mean 174.1 us, mean rows 40.6
served 1558000 peer layer calls, mean 174.0 us, mean rows 40.5
served 1560000 peer layer calls, mean 173.9 us, mean rows 40.5
served 1562000 peer layer calls, mean 173.9 us, mean rows 40.4
served 1564000 peer layer calls, mean 173.8 us, mean rows 40.4
served 1566000 peer layer calls, mean 173.8 us, mean rows 40.3
served 1568000 peer layer calls, mean 173.7 us, mean rows 40.3
served 1570000 peer layer calls, mean 173.7 us, mean rows 40.3
served 1572000 peer layer calls, mean 173.6 us, mean rows 40.2
served 1574000 peer layer calls, mean 173.5 us, mean rows 40.2
served 1576000 peer layer calls, mean 173.5 us, mean rows 40.1
served 1578000 peer layer calls, mean 173.4 us, mean rows 40.1
served 1580000 peer layer calls, mean 173.4 us, mean rows 40.0
served 1582000 peer layer calls, mean 173.3 us, mean rows 40.0
served 1584000 peer layer calls, mean 173.3 us, mean rows 39.9
served 1586000 peer layer calls, mean 173.2 us, mean rows 39.9
served 1588000 peer layer calls, mean 173.2 us, mean rows 39.8
served 1590000 peer layer calls, mean 173.1 us, mean rows 39.8
served 1592000 peer layer calls, mean 173.1 us, mean rows 39.7
served 1594000 peer layer calls, mean 173.0 us, mean rows 39.7
served 1596000 peer layer calls, mean 172.9 us, mean rows 39.7
served 1598000 peer layer calls, mean 172.9 us, mean rows 39.6
served 1600000 peer layer calls, mean 172.8 us, mean rows 39.6
served 1602000 peer layer calls, mean 172.8 us, mean rows 39.5
served 1604000 peer layer calls, mean 172.7 us, mean rows 39.5
served 1606000 peer layer calls, mean 172.7 us, mean rows 39.4
served 1608000 peer layer calls, mean 172.6 us, mean rows 39.4
served 1610000 peer layer calls, mean 172.6 us, mean rows 39.3
served 1612000 peer layer calls, mean 172.5 us, mean rows 39.3
served 1614000 peer layer calls, mean 172.5 us, mean rows 39.2
served 1616000 peer layer calls, mean 172.4 us, mean rows 39.2
served 1618000 peer layer calls, mean 172.4 us, mean rows 39.2
served 1620000 peer layer calls, mean 172.3 us, mean rows 39.1
served 1622000 peer layer calls, mean 172.3 us, mean rows 39.1
served 1624000 peer layer calls, mean 172.2 us, mean rows 39.0
served 1626000 peer layer calls, mean 172.2 us, mean rows 39.0
served 1628000 peer layer calls, mean 172.1 us, mean rows 38.9
served 1630000 peer layer calls, mean 172.1 us, mean rows 38.9
served 1632000 peer layer calls, mean 172.0 us, mean rows 38.8
served 1634000 peer layer calls, mean 172.0 us, mean rows 38.8
served 1636000 peer layer calls, mean 171.9 us, mean rows 38.8
served 1638000 peer layer calls, mean 171.9 us, mean rows 38.7
served 1640000 peer layer calls, mean 171.8 us, mean rows 38.7
served 1642000 peer layer calls, mean 171.8 us, mean rows 38.6
served 1644000 peer layer calls, mean 171.7 us, mean rows 38.6
served 1646000 peer layer calls, mean 171.6 us, mean rows 38.5
served 1648000 peer layer calls, mean 171.6 us, mean rows 38.5
served 1650000 peer layer calls, mean 171.5 us, mean rows 38.5
served 1652000 peer layer calls, mean 171.5 us, mean rows 38.4
served 1654000 peer layer calls, mean 171.5 us, mean rows 38.4
served 1656000 peer layer calls, mean 171.4 us, mean rows 38.3
served 1658000 peer layer calls, mean 171.4 us, mean rows 38.3
served 1660000 peer layer calls, mean 171.3 us, mean rows 38.3
served 1662000 peer layer calls, mean 171.3 us, mean rows 38.2
served 1664000 peer layer calls, mean 171.2 us, mean rows 38.2
served 1666000 peer layer calls, mean 171.2 us, mean rows 38.1
served 1668000 peer layer calls, mean 171.1 us, mean rows 38.1
served 1670000 peer layer calls, mean 171.1 us, mean rows 38.0
served 1672000 peer layer calls, mean 171.0 us, mean rows 38.0
served 1674000 peer layer calls, mean 171.0 us, mean rows 38.0
served 1676000 peer layer calls, mean 170.9 us, mean rows 37.9
served 1678000 peer layer calls, mean 170.9 us, mean rows 37.9
served 1680000 peer layer calls, mean 170.8 us, mean rows 37.8
served 1682000 peer layer calls, mean 170.8 us, mean rows 37.8
served 1684000 peer layer calls, mean 170.7 us, mean rows 37.8
served 1686000 peer layer calls, mean 170.7 us, mean rows 37.7
served 1688000 peer layer calls, mean 170.6 us, mean rows 37.7
served 1690000 peer layer calls, mean 170.6 us, mean rows 37.6
served 1692000 peer layer calls, mean 170.5 us, mean rows 37.6
served 1694000 peer layer calls, mean 170.5 us, mean rows 37.5
served 1696000 peer layer calls, mean 170.4 us, mean rows 37.5
served 1698000 peer layer calls, mean 170.4 us, mean rows 37.5
served 1700000 peer layer calls, mean 170.4 us, mean rows 37.4
served 1702000 peer layer calls, mean 170.3 us, mean rows 37.4
served 1704000 peer layer calls, mean 170.3 us, mean rows 37.3
served 1706000 peer layer calls, mean 170.2 us, mean rows 37.3
served 1708000 peer layer calls, mean 170.2 us, mean rows 37.3
served 1710000 peer layer calls, mean 170.1 us, mean rows 37.2
served 1712000 peer layer calls, mean 170.1 us, mean rows 37.2
served 1714000 peer layer calls, mean 170.0 us, mean rows 37.2
served 1716000 peer layer calls, mean 170.0 us, mean rows 37.1
served 1718000 peer layer calls, mean 170.0 us, mean rows 37.1
served 1720000 peer layer calls, mean 169.9 us, mean rows 37.0
served 1722000 peer layer calls, mean 169.9 us, mean rows 37.0
served 1724000 peer layer calls, mean 169.8 us, mean rows 37.0
served 1726000 peer layer calls, mean 169.8 us, mean rows 36.9
served 1728000 peer layer calls, mean 169.7 us, mean rows 36.9
served 1730000 peer layer calls, mean 169.7 us, mean rows 36.8
served 1732000 peer layer calls, mean 169.6 us, mean rows 36.8
served 1734000 peer layer calls, mean 169.6 us, mean rows 36.8
served 1736000 peer layer calls, mean 169.5 us, mean rows 36.7
served 1738000 peer layer calls, mean 169.5 us, mean rows 36.7
served 1740000 peer layer calls, mean 169.4 us, mean rows 36.6
served 1742000 peer layer calls, mean 169.4 us, mean rows 36.6
served 1744000 peer layer calls, mean 169.3 us, mean rows 36.6
served 1746000 peer layer calls, mean 169.3 us, mean rows 36.5
served 1748000 peer layer calls, mean 169.2 us, mean rows 36.5
served 1750000 peer layer calls, mean 169.2 us, mean rows 36.5
served 1752000 peer layer calls, mean 169.1 us, mean rows 36.4
served 1754000 peer layer calls, mean 169.1 us, mean rows 36.4
served 1756000 peer layer calls, mean 169.0 us, mean rows 36.3
served 1758000 peer layer calls, mean 169.0 us, mean rows 36.3
served 1760000 peer layer calls, mean 169.0 us, mean rows 36.3
served 1762000 peer layer calls, mean 168.9 us, mean rows 36.2
served 1764000 peer layer calls, mean 168.9 us, mean rows 36.2
served 1766000 peer layer calls, mean 168.8 us, mean rows 36.2
served 1768000 peer layer calls, mean 168.8 us, mean rows 36.1
served 1770000 peer layer calls, mean 168.7 us, mean rows 36.1
served 1772000 peer layer calls, mean 168.7 us, mean rows 36.0
served 1774000 peer layer calls, mean 168.6 us, mean rows 36.0
served 1776000 peer layer calls, mean 168.6 us, mean rows 36.0
served 1778000 peer layer calls, mean 168.6 us, mean rows 35.9
served 1780000 peer layer calls, mean 168.5 us, mean rows 35.9
served 1782000 peer layer calls, mean 168.5 us, mean rows 35.9
served 1784000 peer layer calls, mean 168.4 us, mean rows 35.8
served 1786000 peer layer calls, mean 168.4 us, mean rows 35.8
served 1788000 peer layer calls, mean 168.4 us, mean rows 35.7
served 1790000 peer layer calls, mean 168.3 us, mean rows 35.7
served 1792000 peer layer calls, mean 168.3 us, mean rows 35.7
served 1794000 peer layer calls, mean 168.2 us, mean rows 35.6
served 1796000 peer layer calls, mean 168.2 us, mean rows 35.6
served 1798000 peer layer calls, mean 168.2 us, mean rows 35.6
served 1800000 peer layer calls, mean 168.1 us, mean rows 35.5
served 1802000 peer layer calls, mean 168.1 us, mean rows 35.5
served 1804000 peer layer calls, mean 168.0 us, mean rows 35.5
served 1806000 peer layer calls, mean 168.0 us, mean rows 35.4
served 1808000 peer layer calls, mean 168.0 us, mean rows 35.4
served 1810000 peer layer calls, mean 167.9 us, mean rows 35.4
served 1812000 peer layer calls, mean 167.9 us, mean rows 35.3
served 1814000 peer layer calls, mean 167.8 us, mean rows 35.3
served 1816000 peer layer calls, mean 167.8 us, mean rows 35.2
served 1818000 peer layer calls, mean 167.7 us, mean rows 35.2
served 1820000 peer layer calls, mean 167.7 us, mean rows 35.2
served 1822000 peer layer calls, mean 167.7 us, mean rows 35.1
served 1824000 peer layer calls, mean 167.6 us, mean rows 35.1
served 1826000 peer layer calls, mean 167.6 us, mean rows 35.1
served 1828000 peer layer calls, mean 167.5 us, mean rows 35.0
served 1830000 peer layer calls, mean 167.5 us, mean rows 35.0
served 1832000 peer layer calls, mean 167.5 us, mean rows 35.0
served 1834000 peer layer calls, mean 167.4 us, mean rows 34.9
served 1836000 peer layer calls, mean 167.4 us, mean rows 34.9
served 1838000 peer layer calls, mean 167.4 us, mean rows 34.9
served 1840000 peer layer calls, mean 167.3 us, mean rows 34.8
served 1842000 peer layer calls, mean 167.3 us, mean rows 34.8
served 1844000 peer layer calls, mean 167.2 us, mean rows 34.8
served 1846000 peer layer calls, mean 167.2 us, mean rows 34.7
served 1848000 peer layer calls, mean 167.2 us, mean rows 34.7
served 1850000 peer layer calls, mean 167.1 us, mean rows 34.7
served 1852000 peer layer calls, mean 167.1 us, mean rows 34.6
served 1854000 peer layer calls, mean 167.0 us, mean rows 34.6
served 1856000 peer layer calls, mean 167.0 us, mean rows 34.6
served 1858000 peer layer calls, mean 166.9 us, mean rows 34.5
served 1860000 peer layer calls, mean 166.9 us, mean rows 34.5
served 1862000 peer layer calls, mean 166.9 us, mean rows 34.5
served 1864000 peer layer calls, mean 166.8 us, mean rows 34.4
served 1866000 peer layer calls, mean 166.8 us, mean rows 34.4
served 1868000 peer layer calls, mean 166.7 us, mean rows 34.4
served 1870000 peer layer calls, mean 166.7 us, mean rows 34.3
served 1872000 peer layer calls, mean 166.7 us, mean rows 34.3
served 1874000 peer layer calls, mean 166.6 us, mean rows 34.3
served 1876000 peer layer calls, mean 166.6 us, mean rows 34.2
served 1878000 peer layer calls, mean 166.5 us, mean rows 34.2
served 1880000 peer layer calls, mean 166.5 us, mean rows 34.2
served 1882000 peer layer calls, mean 166.5 us, mean rows 34.1
served 1884000 peer layer calls, mean 166.4 us, mean rows 34.1
served 1886000 peer layer calls, mean 166.4 us, mean rows 34.1
served 1888000 peer layer calls, mean 166.3 us, mean rows 34.0
served 1890000 peer layer calls, mean 166.3 us, mean rows 34.0
served 1892000 peer layer calls, mean 166.3 us, mean rows 34.0
served 1894000 peer layer calls, mean 166.2 us, mean rows 33.9
served 1896000 peer layer calls, mean 166.2 us, mean rows 33.9
served 1898000 peer layer calls, mean 166.1 us, mean rows 33.9
served 1900000 peer layer calls, mean 166.1 us, mean rows 33.8
served 1902000 peer layer calls, mean 166.1 us, mean rows 33.8
served 1904000 peer layer calls, mean 166.0 us, mean rows 33.8
served 1906000 peer layer calls, mean 166.0 us, mean rows 33.7
served 1908000 peer layer calls, mean 166.0 us, mean rows 33.7
served 1910000 peer layer calls, mean 165.9 us, mean rows 33.7
served 1912000 peer layer calls, mean 165.9 us, mean rows 33.6
served 1914000 peer layer calls, mean 165.8 us, mean rows 33.6
served 1916000 peer layer calls, mean 165.8 us, mean rows 33.6
served 1918000 peer layer calls, mean 165.8 us, mean rows 33.5
served 1920000 peer layer calls, mean 165.7 us, mean rows 33.5
served 1922000 peer layer calls, mean 165.7 us, mean rows 33.5
served 1924000 peer layer calls, mean 165.7 us, mean rows 33.5
served 1926000 peer layer calls, mean 165.6 us, mean rows 33.4
served 1928000 peer layer calls, mean 165.6 us, mean rows 33.4
served 1930000 peer layer calls, mean 165.5 us, mean rows 33.4
served 1932000 peer layer calls, mean 165.5 us, mean rows 33.3
served 1934000 peer layer calls, mean 165.5 us, mean rows 33.3
served 1936000 peer layer calls, mean 165.4 us, mean rows 33.3
served 1938000 peer layer calls, mean 165.4 us, mean rows 33.2
served 1940000 peer layer calls, mean 165.4 us, mean rows 33.2
served 1942000 peer layer calls, mean 165.3 us, mean rows 33.2
served 1944000 peer layer calls, mean 165.3 us, mean rows 33.1
served 1946000 peer layer calls, mean 165.3 us, mean rows 33.1
served 1948000 peer layer calls, mean 165.2 us, mean rows 33.1
served 1950000 peer layer calls, mean 165.2 us, mean rows 33.1
served 1952000 peer layer calls, mean 165.2 us, mean rows 33.0
served 1954000 peer layer calls, mean 165.1 us, mean rows 33.0
served 1956000 peer layer calls, mean 165.1 us, mean rows 33.0
served 1958000 peer layer calls, mean 165.1 us, mean rows 32.9
served 1960000 peer layer calls, mean 165.0 us, mean rows 32.9
served 1962000 peer layer calls, mean 165.0 us, mean rows 32.9
served 1964000 peer layer calls, mean 164.9 us, mean rows 32.8
served 1966000 peer layer calls, mean 164.9 us, mean rows 32.8
served 1968000 peer layer calls, mean 164.9 us, mean rows 32.8
served 1970000 peer layer calls, mean 164.8 us, mean rows 32.7
served 1972000 peer layer calls, mean 164.8 us, mean rows 32.7
served 1974000 peer layer calls, mean 164.8 us, mean rows 32.7
served 1976000 peer layer calls, mean 164.7 us, mean rows 32.7
served 1978000 peer layer calls, mean 164.7 us, mean rows 32.6
served 1980000 peer layer calls, mean 164.7 us, mean rows 32.6
served 1982000 peer layer calls, mean 164.6 us, mean rows 32.6
served 1984000 peer layer calls, mean 164.6 us, mean rows 32.5
served 1986000 peer layer calls, mean 164.5 us, mean rows 32.5
served 1988000 peer layer calls, mean 164.5 us, mean rows 32.5
served 1990000 peer layer calls, mean 164.5 us, mean rows 32.5
served 1992000 peer layer calls, mean 164.4 us, mean rows 32.4
served 1994000 peer layer calls, mean 164.4 us, mean rows 32.4
served 1996000 peer layer calls, mean 164.3 us, mean rows 32.4
served 1998000 peer layer calls, mean 164.3 us, mean rows 32.3
served 2000000 peer layer calls, mean 164.3 us, mean rows 32.3
served 2002000 peer layer calls, mean 164.2 us, mean rows 32.3
served 2004000 peer layer calls, mean 164.2 us, mean rows 32.2
served 2006000 peer layer calls, mean 164.1 us, mean rows 32.2
served 2008000 peer layer calls, mean 164.1 us, mean rows 32.2
served 2010000 peer layer calls, mean 164.1 us, mean rows 32.2
served 2012000 peer layer calls, mean 164.0 us, mean rows 32.1
served 2014000 peer layer calls, mean 164.0 us, mean rows 32.1
served 2016000 peer layer calls, mean 164.0 us, mean rows 32.1
served 2018000 peer layer calls, mean 163.9 us, mean rows 32.0
served 2020000 peer layer calls, mean 163.9 us, mean rows 32.0
served 2022000 peer layer calls, mean 163.8 us, mean rows 32.0
served 2024000 peer layer calls, mean 163.8 us, mean rows 32.0
served 2026000 peer layer calls, mean 163.8 us, mean rows 31.9
served 2028000 peer layer calls, mean 163.8 us, mean rows 31.9
served 2030000 peer layer calls, mean 163.7 us, mean rows 31.9
served 2032000 peer layer calls, mean 163.7 us, mean rows 31.8
served 2034000 peer layer calls, mean 163.6 us, mean rows 31.8
served 2036000 peer layer calls, mean 163.6 us, mean rows 31.8
served 2038000 peer layer calls, mean 163.6 us, mean rows 31.8
served 2040000 peer layer calls, mean 163.6 us, mean rows 31.7
served 2042000 peer layer calls, mean 163.5 us, mean rows 31.7
served 2044000 peer layer calls, mean 163.5 us, mean rows 31.7
served 2046000 peer layer calls, mean 163.5 us, mean rows 31.7
served 2048000 peer layer calls, mean 163.4 us, mean rows 31.6
served 2050000 peer layer calls, mean 163.4 us, mean rows 31.6
served 2052000 peer layer calls, mean 163.4 us, mean rows 31.6
served 2054000 peer layer calls, mean 163.3 us, mean rows 31.5
served 2056000 peer layer calls, mean 163.3 us, mean rows 31.5
served 2058000 peer layer calls, mean 163.3 us, mean rows 31.5
served 2060000 peer layer calls, mean 163.2 us, mean rows 31.5
served 2062000 peer layer calls, mean 163.2 us, mean rows 31.4
served 2064000 peer layer calls, mean 163.2 us, mean rows 31.4
served 2066000 peer layer calls, mean 163.1 us, mean rows 31.4
served 2068000 peer layer calls, mean 163.1 us, mean rows 31.4
served 2070000 peer layer calls, mean 163.1 us, mean rows 31.3
served 2072000 peer layer calls, mean 163.0 us, mean rows 31.3
served 2074000 peer layer calls, mean 163.0 us, mean rows 31.3
served 2076000 peer layer calls, mean 163.0 us, mean rows 31.2
served 2078000 peer layer calls, mean 162.9 us, mean rows 31.2
served 2080000 peer layer calls, mean 162.9 us, mean rows 31.2
served 2082000 peer layer calls, mean 162.9 us, mean rows 31.2
served 2084000 peer layer calls, mean 162.9 us, mean rows 31.1
served 2086000 peer layer calls, mean 162.8 us, mean rows 31.1
served 2088000 peer layer calls, mean 162.8 us, mean rows 31.1
served 2090000 peer layer calls, mean 162.8 us, mean rows 31.1
served 2092000 peer layer calls, mean 162.7 us, mean rows 31.0
served 2094000 peer layer calls, mean 162.7 us, mean rows 31.0
served 2096000 peer layer calls, mean 162.7 us, mean rows 31.0
served 2098000 peer layer calls, mean 162.6 us, mean rows 30.9
served 2100000 peer layer calls, mean 162.6 us, mean rows 30.9
served 2102000 peer layer calls, mean 162.6 us, mean rows 30.9
served 2104000 peer layer calls, mean 162.5 us, mean rows 30.9
served 2106000 peer layer calls, mean 162.5 us, mean rows 30.8
served 2108000 peer layer calls, mean 162.5 us, mean rows 30.8
served 2110000 peer layer calls, mean 162.5 us, mean rows 30.8
served 2112000 peer layer calls, mean 162.4 us, mean rows 30.8
served 2114000 peer layer calls, mean 162.4 us, mean rows 30.7
served 2116000 peer layer calls, mean 162.4 us, mean rows 30.7
served 2118000 peer layer calls, mean 162.3 us, mean rows 30.7
served 2120000 peer layer calls, mean 162.3 us, mean rows 30.7
served 2122000 peer layer calls, mean 162.3 us, mean rows 30.6
served 2124000 peer layer calls, mean 162.3 us, mean rows 30.6
served 2126000 peer layer calls, mean 162.2 us, mean rows 30.6
served 2128000 peer layer calls, mean 162.2 us, mean rows 30.6
served 2130000 peer layer calls, mean 162.2 us, mean rows 30.5
served 2132000 peer layer calls, mean 162.1 us, mean rows 30.5
served 2134000 peer layer calls, mean 162.1 us, mean rows 30.5
served 2136000 peer layer calls, mean 162.1 us, mean rows 30.5
served 2138000 peer layer calls, mean 162.0 us, mean rows 30.4
served 2140000 peer layer calls, mean 162.0 us, mean rows 30.4
served 2142000 peer layer calls, mean 162.0 us, mean rows 30.4
served 2144000 peer layer calls, mean 161.9 us, mean rows 30.4
served 2146000 peer layer calls, mean 161.9 us, mean rows 30.3
served 2148000 peer layer calls, mean 161.9 us, mean rows 30.3
served 2150000 peer layer calls, mean 161.8 us, mean rows 30.3
served 2152000 peer layer calls, mean 161.8 us, mean rows 30.3
served 2154000 peer layer calls, mean 161.8 us, mean rows 30.2
served 2156000 peer layer calls, mean 161.7 us, mean rows 30.2
served 2158000 peer layer calls, mean 161.7 us, mean rows 30.2
served 2160000 peer layer calls, mean 161.7 us, mean rows 30.2
served 2162000 peer layer calls, mean 161.6 us, mean rows 30.1
served 2164000 peer layer calls, mean 161.6 us, mean rows 30.1
served 2166000 peer layer calls, mean 161.6 us, mean rows 30.1
served 2168000 peer layer calls, mean 161.6 us, mean rows 30.1
served 2170000 peer layer calls, mean 161.5 us, mean rows 30.0
served 2172000 peer layer calls, mean 161.5 us, mean rows 30.0
served 2174000 peer layer calls, mean 161.5 us, mean rows 30.0
served 2176000 peer layer calls, mean 161.4 us, mean rows 30.0
served 2178000 peer layer calls, mean 161.4 us, mean rows 29.9
served 2180000 peer layer calls, mean 161.4 us, mean rows 29.9
served 2182000 peer layer calls, mean 161.3 us, mean rows 29.9
served 2184000 peer layer calls, mean 161.3 us, mean rows 29.9
served 2186000 peer layer calls, mean 161.2 us, mean rows 29.8
served 2188000 peer layer calls, mean 161.2 us, mean rows 29.8
served 2190000 peer layer calls, mean 161.2 us, mean rows 29.8
served 2192000 peer layer calls, mean 161.1 us, mean rows 29.8
served 2194000 peer layer calls, mean 161.1 us, mean rows 29.7
served 2196000 peer layer calls, mean 161.1 us, mean rows 29.7
served 2198000 peer layer calls, mean 161.0 us, mean rows 29.7
served 2200000 peer layer calls, mean 161.0 us, mean rows 29.7
served 2202000 peer layer calls, mean 161.0 us, mean rows 29.6
served 2204000 peer layer calls, mean 161.0 us, mean rows 29.6
served 2206000 peer layer calls, mean 160.9 us, mean rows 29.6
served 2208000 peer layer calls, mean 160.9 us, mean rows 29.6
served 2210000 peer layer calls, mean 160.9 us, mean rows 29.5
served 2212000 peer layer calls, mean 160.8 us, mean rows 29.5
served 2214000 peer layer calls, mean 160.8 us, mean rows 29.5
served 2216000 peer layer calls, mean 160.8 us, mean rows 29.5
served 2218000 peer layer calls, mean 160.7 us, mean rows 29.4
served 2220000 peer layer calls, mean 160.7 us, mean rows 29.4
served 2222000 peer layer calls, mean 160.7 us, mean rows 29.4
served 2224000 peer layer calls, mean 160.6 us, mean rows 29.4
served 2226000 peer layer calls, mean 160.6 us, mean rows 29.4
served 2228000 peer layer calls, mean 160.6 us, mean rows 29.3
served 2230000 peer layer calls, mean 160.6 us, mean rows 29.3
served 2232000 peer layer calls, mean 160.5 us, mean rows 29.3
served 2234000 peer layer calls, mean 160.5 us, mean rows 29.3
served 2236000 peer layer calls, mean 160.5 us, mean rows 29.2
served 2238000 peer layer calls, mean 160.4 us, mean rows 29.2
served 2240000 peer layer calls, mean 160.4 us, mean rows 29.2
served 2242000 peer layer calls, mean 160.4 us, mean rows 29.2
served 2244000 peer layer calls, mean 160.3 us, mean rows 29.1
served 2246000 peer layer calls, mean 160.3 us, mean rows 29.1
served 2248000 peer layer calls, mean 160.3 us, mean rows 29.1
served 2250000 peer layer calls, mean 160.3 us, mean rows 29.1
served 2252000 peer layer calls, mean 160.2 us, mean rows 29.1
served 2254000 peer layer calls, mean 160.2 us, mean rows 29.0
served 2256000 peer layer calls, mean 160.2 us, mean rows 29.0
served 2258000 peer layer calls, mean 160.1 us, mean rows 29.0
served 2260000 peer layer calls, mean 160.1 us, mean rows 29.0
served 2262000 peer layer calls, mean 160.1 us, mean rows 28.9
served 2264000 peer layer calls, mean 160.1 us, mean rows 28.9
served 2266000 peer layer calls, mean 160.0 us, mean rows 28.9
served 2268000 peer layer calls, mean 160.0 us, mean rows 28.9
served 2270000 peer layer calls, mean 160.0 us, mean rows 28.8
served 2272000 peer layer calls, mean 159.9 us, mean rows 28.8
served 2274000 peer layer calls, mean 159.9 us, mean rows 28.8
served 2276000 peer layer calls, mean 159.9 us, mean rows 28.8
served 2278000 peer layer calls, mean 159.8 us, mean rows 28.8
served 2280000 peer layer calls, mean 159.8 us, mean rows 28.7
served 2282000 peer layer calls, mean 159.8 us, mean rows 28.7
served 2284000 peer layer calls, mean 159.8 us, mean rows 28.7
served 2286000 peer layer calls, mean 159.7 us, mean rows 28.7
served 2288000 peer layer calls, mean 159.7 us, mean rows 28.6
served 2290000 peer layer calls, mean 159.7 us, mean rows 28.6
served 2292000 peer layer calls, mean 159.6 us, mean rows 28.6
served 2294000 peer layer calls, mean 159.6 us, mean rows 28.6
served 2296000 peer layer calls, mean 159.6 us, mean rows 28.6
served 2298000 peer layer calls, mean 159.6 us, mean rows 28.5
served 2300000 peer layer calls, mean 159.5 us, mean rows 28.5
served 2302000 peer layer calls, mean 159.5 us, mean rows 28.5
served 2304000 peer layer calls, mean 159.5 us, mean rows 28.5
served 2306000 peer layer calls, mean 159.4 us, mean rows 28.4
served 2308000 peer layer calls, mean 159.4 us, mean rows 28.4
served 2310000 peer layer calls, mean 159.4 us, mean rows 28.4
served 2312000 peer layer calls, mean 159.4 us, mean rows 28.4
served 2314000 peer layer calls, mean 159.3 us, mean rows 28.4
served 2316000 peer layer calls, mean 159.3 us, mean rows 28.3
served 2318000 peer layer calls, mean 159.3 us, mean rows 28.3
served 2320000 peer layer calls, mean 159.2 us, mean rows 28.3
served 2322000 peer layer calls, mean 159.2 us, mean rows 28.3
served 2324000 peer layer calls, mean 159.2 us, mean rows 28.3
served 2326000 peer layer calls, mean 159.1 us, mean rows 28.2
served 2328000 peer layer calls, mean 159.1 us, mean rows 28.2
served 2330000 peer layer calls, mean 159.1 us, mean rows 28.2
served 2332000 peer layer calls, mean 159.1 us, mean rows 28.2
served 2334000 peer layer calls, mean 159.0 us, mean rows 28.1
served 2336000 peer layer calls, mean 159.0 us, mean rows 28.1
served 2338000 peer layer calls, mean 159.0 us, mean rows 28.1
served 2340000 peer layer calls, mean 159.0 us, mean rows 28.1
served 2342000 peer layer calls, mean 158.9 us, mean rows 28.1
served 2344000 peer layer calls, mean 158.9 us, mean rows 28.0
served 2346000 peer layer calls, mean 158.9 us, mean rows 28.0
served 2348000 peer layer calls, mean 158.8 us, mean rows 28.0
served 2350000 peer layer calls, mean 158.8 us, mean rows 28.0
served 2352000 peer layer calls, mean 158.8 us, mean rows 28.0
served 2354000 peer layer calls, mean 158.8 us, mean rows 27.9
served 2356000 peer layer calls, mean 158.7 us, mean rows 27.9
served 2358000 peer layer calls, mean 158.7 us, mean rows 27.9
served 2360000 peer layer calls, mean 158.7 us, mean rows 27.9
served 2362000 peer layer calls, mean 158.7 us, mean rows 27.8
served 2364000 peer layer calls, mean 158.7 us, mean rows 27.8
served 2366000 peer layer calls, mean 158.6 us, mean rows 27.8
served 2368000 peer layer calls, mean 158.6 us, mean rows 27.8
served 2370000 peer layer calls, mean 158.6 us, mean rows 27.8
served 2372000 peer layer calls, mean 158.6 us, mean rows 27.7
served 2374000 peer layer calls, mean 158.6 us, mean rows 27.7
served 2376000 peer layer calls, mean 158.6 us, mean rows 27.7
served 2378000 peer layer calls, mean 158.6 us, mean rows 27.7
served 2380000 peer layer calls, mean 158.7 us, mean rows 27.7
served 2382000 peer layer calls, mean 158.7 us, mean rows 27.7
served 2384000 peer layer calls, mean 158.7 us, mean rows 27.6
served 2386000 peer layer calls, mean 158.8 us, mean rows 27.6
served 2388000 peer layer calls, mean 158.9 us, mean rows 27.6
served 2390000 peer layer calls, mean 159.0 us, mean rows 27.6
served 2392000 peer layer calls, mean 159.0 us, mean rows 27.6
served 2394000 peer layer calls, mean 159.1 us, mean rows 27.6
served 2396000 peer layer calls, mean 159.2 us, mean rows 27.6
served 2398000 peer layer calls, mean 159.3 us, mean rows 27.6
served 2400000 peer layer calls, mean 159.5 us, mean rows 27.6
served 2402000 peer layer calls, mean 159.7 us, mean rows 27.6
served 2404000 peer layer calls, mean 159.9 us, mean rows 27.6
served 2406000 peer layer calls, mean 160.0 us, mean rows 27.6
served 2408000 peer layer calls, mean 160.2 us, mean rows 27.6
served 2410000 peer layer calls, mean 160.4 us, mean rows 27.6
served 2412000 peer layer calls, mean 160.5 us, mean rows 27.6
served 2414000 peer layer calls, mean 160.7 us, mean rows 27.6
served 2416000 peer layer calls, mean 161.0 us, mean rows 27.6
served 2418000 peer layer calls, mean 161.3 us, mean rows 27.6
served 2420000 peer layer calls, mean 161.4 us, mean rows 27.6
served 2422000 peer layer calls, mean 161.7 us, mean rows 27.6
served 2424000 peer layer calls, mean 162.0 us, mean rows 27.6
served 2426000 peer layer calls, mean 162.2 us, mean rows 27.6
served 2428000 peer layer calls, mean 162.5 us, mean rows 27.7
served 2430000 peer layer calls, mean 162.8 us, mean rows 27.7
served 2432000 peer layer calls, mean 163.1 us, mean rows 27.7
served 2434000 peer layer calls, mean 163.3 us, mean rows 27.7
served 2436000 peer layer calls, mean 163.6 us, mean rows 27.7
served 2438000 peer layer calls, mean 163.9 us, mean rows 27.7
