layer 0: 99 cold experts prepared, 3.2 GB allocated
layer 1: 99 cold experts prepared, 5.1 GB allocated
layer 2: 99 cold experts prepared, 7.0 GB allocated
layer 3: 99 cold experts prepared, 8.8 GB allocated
layer 4: 99 cold experts prepared, 10.7 GB allocated
layer 5: 99 cold experts prepared, 12.6 GB allocated
layer 6: 99 cold experts prepared, 14.4 GB allocated
layer 7: 99 cold experts prepared, 16.3 GB allocated
layer 8: 99 cold experts prepared, 18.1 GB allocated
layer 9: 99 cold experts prepared, 20.0 GB allocated
layer 10: 99 cold experts prepared, 21.9 GB allocated
layer 11: 99 cold experts prepared, 23.7 GB allocated
layer 12: 99 cold experts prepared, 25.6 GB allocated
layer 13: 99 cold experts prepared, 27.5 GB allocated
layer 14: 99 cold experts prepared, 29.3 GB allocated
layer 15: 99 cold experts prepared, 31.2 GB allocated
layer 16: 99 cold experts prepared, 33.0 GB allocated
layer 17: 99 cold experts prepared, 34.9 GB allocated
layer 18: 99 cold experts prepared, 36.8 GB allocated
layer 19: 99 cold experts prepared, 38.6 GB allocated
layer 20: 99 cold experts prepared, 40.5 GB allocated
layer 21: 99 cold experts prepared, 42.3 GB allocated
layer 22: 99 cold experts prepared, 44.2 GB allocated
layer 23: 99 cold experts prepared, 46.1 GB allocated
layer 24: 99 cold experts prepared, 47.9 GB allocated
layer 25: 99 cold experts prepared, 49.8 GB allocated
layer 26: 99 cold experts prepared, 51.7 GB allocated
layer 27: 99 cold experts prepared, 53.5 GB allocated
layer 28: 99 cold experts prepared, 55.4 GB allocated
layer 29: 99 cold experts prepared, 57.2 GB allocated
layer 30: 99 cold experts prepared, 59.1 GB allocated
layer 31: 99 cold experts prepared, 61.0 GB allocated
layer 32: 99 cold experts prepared, 62.8 GB allocated
layer 33: 99 cold experts prepared, 64.7 GB allocated
layer 34: 99 cold experts prepared, 66.6 GB allocated
layer 35: 99 cold experts prepared, 68.4 GB allocated
layer 36: 99 cold experts prepared, 70.3 GB allocated
layer 37: 99 cold experts prepared, 72.1 GB allocated
layer 38: 99 cold experts prepared, 74.0 GB allocated
layer 39: 99 cold experts prepared, 75.9 GB allocated
prepared 40 layers in 45s; 75.9 GB allocated
captured 560 graphs; 75.9 GB allocated
serving
served 2000 cold layer calls, mean 465.7 us, mean rows 335.5
served 4000 cold layer calls, mean 463.8 us, mean rows 406.2
served 6000 cold layer calls, mean 588.6 us, mean rows 630.9
served 8000 cold layer calls, mean 462.3 us, mean rows 473.7
served 10000 cold layer calls, mean 386.6 us, mean rows 379.3
served 12000 cold layer calls, mean 336.9 us, mean rows 316.6
served 14000 cold layer calls, mean 302.4 us, mean rows 271.9
served 16000 cold layer calls, mean 276.1 us, mean rows 238.3
served 18000 cold layer calls, mean 255.5 us, mean rows 212.1
served 20000 cold layer calls, mean 239.3 us, mean rows 191.3
served 22000 cold layer calls, mean 225.1 us, mean rows 174.1
served 24000 cold layer calls, mean 213.3 us, mean rows 159.7
served 26000 cold layer calls, mean 203.4 us, mean rows 147.6
served 28000 cold layer calls, mean 195.4 us, mean rows 137.3
served 30000 cold layer calls, mean 188.6 us, mean rows 128.3
served 32000 cold layer calls, mean 182.7 us, mean rows 120.5
served 34000 cold layer calls, mean 177.3 us, mean rows 113.6
served 36000 cold layer calls, mean 172.7 us, mean rows 107.5
served 38000 cold layer calls, mean 168.4 us, mean rows 102.0
served 40000 cold layer calls, mean 164.2 us, mean rows 97.0
served 42000 cold layer calls, mean 160.5 us, mean rows 92.5
served 44000 cold layer calls, mean 157.0 us, mean rows 88.4
served 46000 cold layer calls, mean 154.0 us, mean rows 84.7
served 48000 cold layer calls, mean 151.3 us, mean rows 81.3
served 50000 cold layer calls, mean 149.1 us, mean rows 78.1
served 52000 cold layer calls, mean 147.1 us, mean rows 75.3
served 54000 cold layer calls, mean 145.4 us, mean rows 72.6
served 56000 cold layer calls, mean 143.4 us, mean rows 70.2
served 58000 cold layer calls, mean 141.6 us, mean rows 67.8
served 60000 cold layer calls, mean 139.9 us, mean rows 65.7
served 62000 cold layer calls, mean 138.4 us, mean rows 63.7
served 64000 cold layer calls, mean 137.0 us, mean rows 61.8
served 66000 cold layer calls, mean 135.7 us, mean rows 60.0
served 68000 cold layer calls, mean 134.4 us, mean rows 58.3
served 70000 cold layer calls, mean 133.2 us, mean rows 56.7
served 72000 cold layer calls, mean 132.0 us, mean rows 55.2
served 74000 cold layer calls, mean 130.9 us, mean rows 53.8
served 76000 cold layer calls, mean 129.9 us, mean rows 52.5
served 78000 cold layer calls, mean 129.0 us, mean rows 51.2
served 80000 cold layer calls, mean 128.2 us, mean rows 50.0
served 82000 cold layer calls, mean 127.3 us, mean rows 48.9
served 84000 cold layer calls, mean 126.6 us, mean rows 47.8
served 86000 cold layer calls, mean 125.9 us, mean rows 46.8
served 88000 cold layer calls, mean 125.2 us, mean rows 45.8
served 90000 cold layer calls, mean 124.5 us, mean rows 44.9
served 92000 cold layer calls, mean 123.6 us, mean rows 43.9
served 94000 cold layer calls, mean 122.8 us, mean rows 43.0
served 96000 cold layer calls, mean 122.0 us, mean rows 42.2
served 98000 cold layer calls, mean 121.3 us, mean rows 41.4
served 100000 cold layer calls, mean 120.7 us, mean rows 40.6
served 102000 cold layer calls, mean 120.2 us, mean rows 39.9
served 104000 cold layer calls, mean 119.7 us, mean rows 39.2
served 106000 cold layer calls, mean 119.2 us, mean rows 38.5
served 108000 cold layer calls, mean 118.5 us, mean rows 37.8
served 110000 cold layer calls, mean 117.9 us, mean rows 37.2
served 112000 cold layer calls, mean 117.3 us, mean rows 36.5
served 114000 cold layer calls, mean 118.8 us, mean rows 38.7
served 116000 cold layer calls, mean 118.3 us, mean rows 38.0
served 118000 cold layer calls, mean 117.8 us, mean rows 37.5
served 120000 cold layer calls, mean 117.4 us, mean rows 36.9
served 122000 cold layer calls, mean 116.8 us, mean rows 36.3
served 124000 cold layer calls, mean 116.3 us, mean rows 35.8
served 126000 cold layer calls, mean 115.9 us, mean rows 35.2
served 128000 cold layer calls, mean 115.5 us, mean rows 34.7
served 130000 cold layer calls, mean 115.2 us, mean rows 34.3
served 132000 cold layer calls, mean 114.9 us, mean rows 33.8
served 134000 cold layer calls, mean 114.5 us, mean rows 33.3
served 136000 cold layer calls, mean 114.2 us, mean rows 32.9
served 138000 cold layer calls, mean 113.8 us, mean rows 32.4
served 140000 cold layer calls, mean 113.6 us, mean rows 32.0
served 142000 cold layer calls, mean 113.3 us, mean rows 31.6
served 144000 cold layer calls, mean 113.0 us, mean rows 31.2
served 146000 cold layer calls, mean 112.6 us, mean rows 30.8
served 148000 cold layer calls, mean 112.3 us, mean rows 30.4
served 150000 cold layer calls, mean 112.0 us, mean rows 30.1
served 152000 cold layer calls, mean 111.8 us, mean rows 29.7
served 154000 cold layer calls, mean 111.6 us, mean rows 29.4
served 156000 cold layer calls, mean 111.4 us, mean rows 29.1
served 158000 cold layer calls, mean 111.1 us, mean rows 28.7
served 160000 cold layer calls, mean 110.9 us, mean rows 28.4
served 162000 cold layer calls, mean 110.7 us, mean rows 28.1
served 164000 cold layer calls, mean 110.5 us, mean rows 27.8
served 166000 cold layer calls, mean 110.3 us, mean rows 27.5
served 168000 cold layer calls, mean 110.1 us, mean rows 27.2
served 170000 cold layer calls, mean 110.0 us, mean rows 26.9
served 172000 cold layer calls, mean 109.9 us, mean rows 26.7
served 174000 cold layer calls, mean 109.6 us, mean rows 26.4
served 176000 cold layer calls, mean 109.3 us, mean rows 26.1
served 178000 cold layer calls, mean 109.1 us, mean rows 25.8
served 180000 cold layer calls, mean 108.8 us, mean rows 25.6
served 182000 cold layer calls, mean 108.6 us, mean rows 25.3
served 184000 cold layer calls, mean 108.5 us, mean rows 25.1
served 186000 cold layer calls, mean 108.2 us, mean rows 24.9
served 188000 cold layer calls, mean 108.0 us, mean rows 24.6
served 190000 cold layer calls, mean 107.7 us, mean rows 24.4
served 192000 cold layer calls, mean 107.5 us, mean rows 24.1
served 194000 cold layer calls, mean 107.4 us, mean rows 23.9
served 196000 cold layer calls, mean 107.2 us, mean rows 23.7
served 198000 cold layer calls, mean 107.0 us, mean rows 23.5
served 200000 cold layer calls, mean 106.8 us, mean rows 23.3
served 202000 cold layer calls, mean 109.0 us, mean rows 26.3
served 204000 cold layer calls, mean 108.7 us, mean rows 26.0
served 206000 cold layer calls, mean 108.5 us, mean rows 25.8
served 208000 cold layer calls, mean 108.4 us, mean rows 25.6
served 210000 cold layer calls, mean 108.2 us, mean rows 25.4
served 212000 cold layer calls, mean 108.0 us, mean rows 25.2
served 214000 cold layer calls, mean 107.8 us, mean rows 24.9
served 216000 cold layer calls, mean 107.6 us, mean rows 24.7
served 218000 cold layer calls, mean 107.4 us, mean rows 24.5
served 220000 cold layer calls, mean 107.3 us, mean rows 24.3
served 222000 cold layer calls, mean 107.2 us, mean rows 24.1
served 224000 cold layer calls, mean 107.1 us, mean rows 24.0
served 226000 cold layer calls, mean 107.0 us, mean rows 23.8
served 228000 cold layer calls, mean 106.8 us, mean rows 23.6
served 230000 cold layer calls, mean 106.6 us, mean rows 23.4
served 232000 cold layer calls, mean 106.4 us, mean rows 23.2
served 234000 cold layer calls, mean 106.3 us, mean rows 23.1
served 236000 cold layer calls, mean 106.1 us, mean rows 22.9
served 238000 cold layer calls, mean 106.0 us, mean rows 22.7
served 240000 cold layer calls, mean 105.9 us, mean rows 22.6
served 242000 cold layer calls, mean 105.8 us, mean rows 22.4
served 244000 cold layer calls, mean 105.7 us, mean rows 22.2
served 246000 cold layer calls, mean 105.6 us, mean rows 22.1
served 248000 cold layer calls, mean 105.5 us, mean rows 21.9
served 250000 cold layer calls, mean 105.4 us, mean rows 21.8
served 252000 cold layer calls, mean 105.3 us, mean rows 21.6
served 254000 cold layer calls, mean 105.2 us, mean rows 21.5
served 256000 cold layer calls, mean 105.1 us, mean rows 21.3
served 258000 cold layer calls, mean 105.0 us, mean rows 21.2
served 260000 cold layer calls, mean 104.9 us, mean rows 21.1
served 262000 cold layer calls, mean 104.8 us, mean rows 20.9
served 264000 cold layer calls, mean 104.8 us, mean rows 20.8
served 266000 cold layer calls, mean 104.7 us, mean rows 20.7
served 268000 cold layer calls, mean 104.6 us, mean rows 20.5
served 270000 cold layer calls, mean 104.5 us, mean rows 20.4
served 272000 cold layer calls, mean 104.4 us, mean rows 20.3
served 274000 cold layer calls, mean 104.3 us, mean rows 20.1
served 276000 cold layer calls, mean 104.3 us, mean rows 20.0
served 278000 cold layer calls, mean 104.3 us, mean rows 19.9
served 280000 cold layer calls, mean 104.2 us, mean rows 19.8
served 282000 cold layer calls, mean 104.2 us, mean rows 19.7
served 284000 cold layer calls, mean 104.2 us, mean rows 19.6
served 286000 cold layer calls, mean 104.2 us, mean rows 19.4
served 288000 cold layer calls, mean 104.1 us, mean rows 19.3
served 290000 cold layer calls, mean 104.0 us, mean rows 19.2
served 292000 cold layer calls, mean 107.1 us, mean rows 23.7
served 294000 cold layer calls, mean 106.9 us, mean rows 23.5
served 296000 cold layer calls, mean 106.8 us, mean rows 23.4
served 298000 cold layer calls, mean 106.7 us, mean rows 23.2
served 300000 cold layer calls, mean 106.7 us, mean rows 23.1
served 302000 cold layer calls, mean 106.5 us, mean rows 23.0
served 304000 cold layer calls, mean 106.4 us, mean rows 22.8
served 306000 cold layer calls, mean 106.3 us, mean rows 22.7
served 308000 cold layer calls, mean 106.2 us, mean rows 22.6
served 310000 cold layer calls, mean 106.1 us, mean rows 22.4
served 312000 cold layer calls, mean 106.0 us, mean rows 22.3
served 314000 cold layer calls, mean 105.9 us, mean rows 22.2
served 316000 cold layer calls, mean 105.8 us, mean rows 22.1
served 318000 cold layer calls, mean 105.6 us, mean rows 21.9
served 320000 cold layer calls, mean 105.5 us, mean rows 21.8
served 322000 cold layer calls, mean 105.4 us, mean rows 21.7
served 324000 cold layer calls, mean 105.3 us, mean rows 21.6
served 326000 cold layer calls, mean 105.1 us, mean rows 21.5
served 328000 cold layer calls, mean 105.0 us, mean rows 21.3
served 330000 cold layer calls, mean 104.9 us, mean rows 21.2
served 332000 cold layer calls, mean 104.9 us, mean rows 21.1
served 334000 cold layer calls, mean 104.8 us, mean rows 21.0
served 336000 cold layer calls, mean 104.7 us, mean rows 20.9
served 338000 cold layer calls, mean 104.6 us, mean rows 20.8
served 340000 cold layer calls, mean 104.6 us, mean rows 20.7
served 342000 cold layer calls, mean 104.5 us, mean rows 20.6
served 344000 cold layer calls, mean 104.4 us, mean rows 20.5
served 346000 cold layer calls, mean 104.3 us, mean rows 20.4
served 348000 cold layer calls, mean 104.2 us, mean rows 20.3
served 350000 cold layer calls, mean 104.1 us, mean rows 20.2
served 352000 cold layer calls, mean 104.0 us, mean rows 20.1
served 354000 cold layer calls, mean 104.0 us, mean rows 20.0
served 356000 cold layer calls, mean 103.9 us, mean rows 19.9
served 358000 cold layer calls, mean 103.8 us, mean rows 19.8
served 360000 cold layer calls, mean 103.7 us, mean rows 19.7
served 362000 cold layer calls, mean 103.7 us, mean rows 19.6
served 364000 cold layer calls, mean 103.6 us, mean rows 19.5
served 366000 cold layer calls, mean 103.6 us, mean rows 19.4
served 368000 cold layer calls, mean 103.5 us, mean rows 19.3
served 370000 cold layer calls, mean 103.4 us, mean rows 19.3
served 372000 cold layer calls, mean 103.4 us, mean rows 19.2
served 374000 cold layer calls, mean 103.3 us, mean rows 19.1
served 376000 cold layer calls, mean 103.3 us, mean rows 19.0
served 378000 cold layer calls, mean 108.4 us, mean rows 26.2
served 380000 cold layer calls, mean 108.3 us, mean rows 26.1
served 382000 cold layer calls, mean 108.2 us, mean rows 26.0
served 384000 cold layer calls, mean 108.1 us, mean rows 25.8
served 386000 cold layer calls, mean 108.0 us, mean rows 25.7
served 388000 cold layer calls, mean 107.9 us, mean rows 25.6
served 390000 cold layer calls, mean 107.8 us, mean rows 25.5
served 392000 cold layer calls, mean 107.7 us, mean rows 25.4
served 394000 cold layer calls, mean 107.6 us, mean rows 25.3
served 396000 cold layer calls, mean 107.5 us, mean rows 25.1
served 398000 cold layer calls, mean 107.4 us, mean rows 25.0
served 400000 cold layer calls, mean 107.2 us, mean rows 24.9
served 402000 cold layer calls, mean 107.1 us, mean rows 24.8
served 404000 cold layer calls, mean 107.0 us, mean rows 24.7
served 406000 cold layer calls, mean 106.9 us, mean rows 24.6
served 408000 cold layer calls, mean 106.8 us, mean rows 24.5
served 410000 cold layer calls, mean 106.7 us, mean rows 24.4
served 412000 cold layer calls, mean 106.7 us, mean rows 24.3
served 414000 cold layer calls, mean 106.6 us, mean rows 24.2
served 416000 cold layer calls, mean 106.5 us, mean rows 24.1
served 418000 cold layer calls, mean 106.4 us, mean rows 24.0
served 420000 cold layer calls, mean 106.3 us, mean rows 23.9
served 422000 cold layer calls, mean 106.3 us, mean rows 23.8
served 424000 cold layer calls, mean 106.2 us, mean rows 23.7
served 426000 cold layer calls, mean 106.1 us, mean rows 23.6
served 428000 cold layer calls, mean 106.0 us, mean rows 23.5
served 430000 cold layer calls, mean 106.0 us, mean rows 23.4
served 432000 cold layer calls, mean 105.9 us, mean rows 23.3
served 434000 cold layer calls, mean 105.8 us, mean rows 23.2
served 436000 cold layer calls, mean 105.7 us, mean rows 23.1
served 438000 cold layer calls, mean 105.7 us, mean rows 23.0
served 440000 cold layer calls, mean 105.6 us, mean rows 22.9
served 442000 cold layer calls, mean 105.5 us, mean rows 22.8
served 444000 cold layer calls, mean 105.5 us, mean rows 22.7
served 446000 cold layer calls, mean 105.4 us, mean rows 22.6
served 448000 cold layer calls, mean 105.4 us, mean rows 22.5
served 450000 cold layer calls, mean 105.3 us, mean rows 22.5
served 452000 cold layer calls, mean 105.3 us, mean rows 22.4
served 454000 cold layer calls, mean 105.2 us, mean rows 22.3
served 456000 cold layer calls, mean 105.2 us, mean rows 22.2
served 458000 cold layer calls, mean 105.2 us, mean rows 22.1
served 460000 cold layer calls, mean 105.1 us, mean rows 22.0
served 462000 cold layer calls, mean 105.1 us, mean rows 22.0
served 464000 cold layer calls, mean 105.1 us, mean rows 21.9
served 466000 cold layer calls, mean 105.0 us, mean rows 21.8
served 468000 cold layer calls, mean 104.9 us, mean rows 21.7
served 470000 cold layer calls, mean 104.9 us, mean rows 21.7
served 472000 cold layer calls, mean 104.9 us, mean rows 21.6
served 474000 cold layer calls, mean 104.9 us, mean rows 21.5
served 476000 cold layer calls, mean 104.9 us, mean rows 21.4
served 478000 cold layer calls, mean 104.9 us, mean rows 21.4
served 480000 cold layer calls, mean 104.9 us, mean rows 21.3
served 482000 cold layer calls, mean 104.9 us, mean rows 21.2
served 484000 cold layer calls, mean 104.9 us, mean rows 21.2
served 486000 cold layer calls, mean 104.9 us, mean rows 21.1
served 488000 cold layer calls, mean 104.8 us, mean rows 21.0
served 490000 cold layer calls, mean 104.8 us, mean rows 21.0
served 492000 cold layer calls, mean 104.8 us, mean rows 20.9
served 494000 cold layer calls, mean 104.9 us, mean rows 20.8
served 496000 cold layer calls, mean 104.9 us, mean rows 20.8
served 498000 cold layer calls, mean 104.9 us, mean rows 20.7
served 500000 cold layer calls, mean 104.9 us, mean rows 20.7
served 502000 cold layer calls, mean 104.9 us, mean rows 20.6
served 504000 cold layer calls, mean 104.9 us, mean rows 20.5
served 506000 cold layer calls, mean 104.9 us, mean rows 20.5
served 508000 cold layer calls, mean 104.8 us, mean rows 20.4
served 510000 cold layer calls, mean 104.8 us, mean rows 20.3
served 512000 cold layer calls, mean 104.8 us, mean rows 20.3
served 514000 cold layer calls, mean 104.8 us, mean rows 20.2
served 516000 cold layer calls, mean 104.8 us, mean rows 20.2
served 518000 cold layer calls, mean 104.8 us, mean rows 20.1
served 520000 cold layer calls, mean 104.8 us, mean rows 20.1
served 522000 cold layer calls, mean 104.9 us, mean rows 20.0
served 524000 cold layer calls, mean 104.9 us, mean rows 19.9
served 526000 cold layer calls, mean 104.8 us, mean rows 19.9
served 528000 cold layer calls, mean 104.8 us, mean rows 19.8
served 530000 cold layer calls, mean 104.8 us, mean rows 19.8
served 532000 cold layer calls, mean 104.8 us, mean rows 19.7
served 534000 cold layer calls, mean 104.8 us, mean rows 19.7
served 536000 cold layer calls, mean 104.8 us, mean rows 19.6
served 538000 cold layer calls, mean 104.9 us, mean rows 19.6
served 540000 cold layer calls, mean 104.8 us, mean rows 19.5
served 542000 cold layer calls, mean 104.9 us, mean rows 19.4
served 544000 cold layer calls, mean 104.9 us, mean rows 19.4
served 546000 cold layer calls, mean 104.8 us, mean rows 19.3
served 548000 cold layer calls, mean 104.8 us, mean rows 19.3
served 550000 cold layer calls, mean 104.8 us, mean rows 19.2
served 552000 cold layer calls, mean 104.8 us, mean rows 19.2
served 554000 cold layer calls, mean 104.8 us, mean rows 19.1
served 556000 cold layer calls, mean 104.8 us, mean rows 19.1
served 558000 cold layer calls, mean 104.7 us, mean rows 19.0
served 560000 cold layer calls, mean 104.7 us, mean rows 19.0
served 562000 cold layer calls, mean 104.7 us, mean rows 18.9
served 564000 cold layer calls, mean 104.7 us, mean rows 18.9
served 566000 cold layer calls, mean 104.7 us, mean rows 18.8
served 568000 cold layer calls, mean 104.7 us, mean rows 18.8
served 570000 cold layer calls, mean 104.8 us, mean rows 18.7
served 572000 cold layer calls, mean 104.9 us, mean rows 18.7
served 574000 cold layer calls, mean 105.0 us, mean rows 18.7
served 576000 cold layer calls, mean 105.1 us, mean rows 18.6
served 578000 cold layer calls, mean 105.2 us, mean rows 18.6
served 580000 cold layer calls, mean 105.2 us, mean rows 18.6
served 582000 cold layer calls, mean 105.3 us, mean rows 18.5
served 584000 cold layer calls, mean 105.3 us, mean rows 18.5
served 586000 cold layer calls, mean 105.4 us, mean rows 18.5
served 588000 cold layer calls, mean 105.5 us, mean rows 18.4
served 590000 cold layer calls, mean 105.6 us, mean rows 18.4
served 592000 cold layer calls, mean 105.7 us, mean rows 18.4
served 594000 cold layer calls, mean 105.8 us, mean rows 18.3
served 596000 cold layer calls, mean 105.9 us, mean rows 18.3
served 598000 cold layer calls, mean 106.0 us, mean rows 18.3
served 600000 cold layer calls, mean 106.1 us, mean rows 18.2
served 602000 cold layer calls, mean 106.2 us, mean rows 18.2
served 604000 cold layer calls, mean 106.2 us, mean rows 18.2
served 606000 cold layer calls, mean 106.3 us, mean rows 18.2
served 608000 cold layer calls, mean 106.4 us, mean rows 18.1
served 610000 cold layer calls, mean 106.6 us, mean rows 18.1
served 612000 cold layer calls, mean 106.7 us, mean rows 18.1
served 614000 cold layer calls, mean 106.8 us, mean rows 18.1
served 616000 cold layer calls, mean 106.9 us, mean rows 18.0
served 618000 cold layer calls, mean 107.0 us, mean rows 18.0
served 620000 cold layer calls, mean 107.1 us, mean rows 18.0
served 622000 cold layer calls, mean 107.2 us, mean rows 18.0
served 624000 cold layer calls, mean 107.3 us, mean rows 17.9
served 626000 cold layer calls, mean 107.4 us, mean rows 17.9
served 628000 cold layer calls, mean 107.5 us, mean rows 17.9
served 630000 cold layer calls, mean 107.5 us, mean rows 17.8
served 632000 cold layer calls, mean 107.6 us, mean rows 17.8
served 634000 cold layer calls, mean 107.6 us, mean rows 17.8
served 636000 cold layer calls, mean 107.7 us, mean rows 17.7
served 638000 cold layer calls, mean 107.8 us, mean rows 17.7
served 640000 cold layer calls, mean 107.8 us, mean rows 17.7
served 642000 cold layer calls, mean 107.9 us, mean rows 17.7
served 644000 cold layer calls, mean 108.0 us, mean rows 17.6
served 646000 cold layer calls, mean 108.0 us, mean rows 17.6
served 648000 cold layer calls, mean 108.0 us, mean rows 17.6
served 650000 cold layer calls, mean 108.0 us, mean rows 17.5
served 652000 cold layer calls, mean 108.0 us, mean rows 17.5
served 654000 cold layer calls, mean 108.1 us, mean rows 17.5
served 656000 cold layer calls, mean 108.1 us, mean rows 17.4
served 658000 cold layer calls, mean 108.3 us, mean rows 17.4
served 660000 cold layer calls, mean 108.3 us, mean rows 17.4
served 662000 cold layer calls, mean 108.4 us, mean rows 17.4
served 664000 cold layer calls, mean 108.5 us, mean rows 17.3
served 666000 cold layer calls, mean 108.6 us, mean rows 17.3
served 668000 cold layer calls, mean 108.7 us, mean rows 17.3
served 670000 cold layer calls, mean 108.8 us, mean rows 17.3
served 672000 cold layer calls, mean 108.9 us, mean rows 17.2
served 674000 cold layer calls, mean 108.9 us, mean rows 17.2
served 676000 cold layer calls, mean 109.0 us, mean rows 17.2
served 678000 cold layer calls, mean 109.1 us, mean rows 17.2
served 680000 cold layer calls, mean 109.2 us, mean rows 17.2
served 682000 cold layer calls, mean 109.3 us, mean rows 17.1
served 684000 cold layer calls, mean 109.3 us, mean rows 17.1
served 686000 cold layer calls, mean 109.4 us, mean rows 17.1
served 688000 cold layer calls, mean 109.5 us, mean rows 17.1
served 690000 cold layer calls, mean 109.6 us, mean rows 17.0
served 692000 cold layer calls, mean 109.7 us, mean rows 17.0
served 694000 cold layer calls, mean 109.7 us, mean rows 17.0
served 696000 cold layer calls, mean 109.8 us, mean rows 17.0
served 698000 cold layer calls, mean 109.9 us, mean rows 16.9
served 700000 cold layer calls, mean 110.0 us, mean rows 16.9
served 702000 cold layer calls, mean 110.1 us, mean rows 16.9
served 704000 cold layer calls, mean 110.2 us, mean rows 16.9
served 706000 cold layer calls, mean 110.3 us, mean rows 16.9
served 708000 cold layer calls, mean 110.3 us, mean rows 16.8
served 710000 cold layer calls, mean 110.5 us, mean rows 16.8
served 712000 cold layer calls, mean 110.6 us, mean rows 16.8
served 714000 cold layer calls, mean 110.7 us, mean rows 16.8
served 716000 cold layer calls, mean 110.8 us, mean rows 16.8
served 718000 cold layer calls, mean 110.9 us, mean rows 16.7
served 720000 cold layer calls, mean 110.9 us, mean rows 16.7
served 722000 cold layer calls, mean 111.0 us, mean rows 16.7
served 724000 cold layer calls, mean 111.1 us, mean rows 16.7
served 726000 cold layer calls, mean 111.2 us, mean rows 16.6
served 728000 cold layer calls, mean 111.2 us, mean rows 16.6
served 730000 cold layer calls, mean 111.2 us, mean rows 16.6
served 732000 cold layer calls, mean 111.2 us, mean rows 16.6
served 734000 cold layer calls, mean 111.3 us, mean rows 16.6
served 736000 cold layer calls, mean 111.3 us, mean rows 16.5
served 738000 cold layer calls, mean 111.4 us, mean rows 16.5
served 740000 cold layer calls, mean 111.5 us, mean rows 16.5
served 742000 cold layer calls, mean 111.6 us, mean rows 16.5
served 744000 cold layer calls, mean 111.7 us, mean rows 16.5
served 746000 cold layer calls, mean 111.9 us, mean rows 16.5
served 748000 cold layer calls, mean 112.0 us, mean rows 16.5
served 750000 cold layer calls, mean 112.1 us, mean rows 16.5
served 752000 cold layer calls, mean 112.2 us, mean rows 16.4
served 754000 cold layer calls, mean 112.3 us, mean rows 16.4
served 756000 cold layer calls, mean 112.5 us, mean rows 16.4
served 758000 cold layer calls, mean 112.6 us, mean rows 16.4
served 760000 cold layer calls, mean 112.7 us, mean rows 16.4
served 762000 cold layer calls, mean 112.8 us, mean rows 16.4
served 764000 cold layer calls, mean 112.9 us, mean rows 16.4
served 766000 cold layer calls, mean 113.1 us, mean rows 16.4
served 768000 cold layer calls, mean 113.2 us, mean rows 16.4
served 770000 cold layer calls, mean 113.3 us, mean rows 16.3
served 772000 cold layer calls, mean 113.5 us, mean rows 16.3
served 774000 cold layer calls, mean 113.6 us, mean rows 16.3
served 776000 cold layer calls, mean 113.7 us, mean rows 16.3
served 778000 cold layer calls, mean 113.9 us, mean rows 16.3
served 780000 cold layer calls, mean 114.0 us, mean rows 16.3
served 782000 cold layer calls, mean 114.1 us, mean rows 16.3
served 784000 cold layer calls, mean 114.2 us, mean rows 16.3
served 786000 cold layer calls, mean 114.3 us, mean rows 16.2
served 788000 cold layer calls, mean 114.4 us, mean rows 16.2
served 790000 cold layer calls, mean 114.6 us, mean rows 16.2
served 792000 cold layer calls, mean 114.7 us, mean rows 16.2
served 794000 cold layer calls, mean 114.8 us, mean rows 16.2
served 796000 cold layer calls, mean 114.9 us, mean rows 16.2
served 798000 cold layer calls, mean 115.1 us, mean rows 16.2
served 800000 cold layer calls, mean 115.2 us, mean rows 16.2
served 802000 cold layer calls, mean 115.2 us, mean rows 16.2
served 804000 cold layer calls, mean 115.1 us, mean rows 16.1
served 806000 cold layer calls, mean 115.1 us, mean rows 16.1
served 808000 cold layer calls, mean 115.1 us, mean rows 16.1
served 810000 cold layer calls, mean 115.0 us, mean rows 16.0
served 812000 cold layer calls, mean 115.0 us, mean rows 16.0
served 814000 cold layer calls, mean 115.0 us, mean rows 16.0
served 816000 cold layer calls, mean 115.0 us, mean rows 16.0
served 818000 cold layer calls, mean 114.9 us, mean rows 15.9
served 820000 cold layer calls, mean 114.9 us, mean rows 15.9
served 822000 cold layer calls, mean 114.9 us, mean rows 15.9
served 824000 cold layer calls, mean 114.8 us, mean rows 15.9
served 826000 cold layer calls, mean 114.8 us, mean rows 15.8
served 828000 cold layer calls, mean 114.7 us, mean rows 15.8
served 830000 cold layer calls, mean 114.7 us, mean rows 15.8
served 832000 cold layer calls, mean 114.7 us, mean rows 15.7
served 834000 cold layer calls, mean 114.6 us, mean rows 15.7
served 836000 cold layer calls, mean 114.6 us, mean rows 15.7
served 838000 cold layer calls, mean 114.6 us, mean rows 15.7
served 840000 cold layer calls, mean 114.5 us, mean rows 15.6
served 842000 cold layer calls, mean 114.5 us, mean rows 15.6
served 844000 cold layer calls, mean 114.5 us, mean rows 15.6
served 846000 cold layer calls, mean 114.4 us, mean rows 15.6
served 848000 cold layer calls, mean 114.4 us, mean rows 15.5
served 850000 cold layer calls, mean 114.4 us, mean rows 15.5
served 852000 cold layer calls, mean 114.3 us, mean rows 15.5
served 854000 cold layer calls, mean 114.3 us, mean rows 15.5
served 856000 cold layer calls, mean 114.3 us, mean rows 15.4
served 858000 cold layer calls, mean 114.3 us, mean rows 15.4
served 860000 cold layer calls, mean 114.3 us, mean rows 15.4
served 862000 cold layer calls, mean 114.3 us, mean rows 15.4
served 864000 cold layer calls, mean 114.2 us, mean rows 15.3
served 866000 cold layer calls, mean 114.2 us, mean rows 15.3
served 868000 cold layer calls, mean 114.2 us, mean rows 15.3
served 870000 cold layer calls, mean 114.2 us, mean rows 15.3
served 872000 cold layer calls, mean 114.2 us, mean rows 15.2
served 874000 cold layer calls, mean 114.2 us, mean rows 15.2
served 876000 cold layer calls, mean 114.2 us, mean rows 15.2
served 878000 cold layer calls, mean 114.2 us, mean rows 15.2
served 880000 cold layer calls, mean 114.2 us, mean rows 15.2
served 882000 cold layer calls, mean 114.2 us, mean rows 15.1
served 884000 cold layer calls, mean 114.2 us, mean rows 15.1
served 886000 cold layer calls, mean 114.2 us, mean rows 15.1
served 888000 cold layer calls, mean 114.2 us, mean rows 15.1
served 890000 cold layer calls, mean 114.1 us, mean rows 15.0
served 892000 cold layer calls, mean 114.1 us, mean rows 15.0
served 894000 cold layer calls, mean 114.1 us, mean rows 15.0
served 896000 cold layer calls, mean 114.2 us, mean rows 15.0
served 898000 cold layer calls, mean 114.1 us, mean rows 15.0
served 900000 cold layer calls, mean 114.1 us, mean rows 15.0
served 902000 cold layer calls, mean 114.1 us, mean rows 14.9
served 904000 cold layer calls, mean 114.2 us, mean rows 14.9
served 906000 cold layer calls, mean 114.2 us, mean rows 14.9
served 908000 cold layer calls, mean 114.2 us, mean rows 14.9
served 910000 cold layer calls, mean 114.3 us, mean rows 14.9
served 912000 cold layer calls, mean 114.3 us, mean rows 14.9
served 914000 cold layer calls, mean 114.3 us, mean rows 14.9
served 916000 cold layer calls, mean 114.3 us, mean rows 14.8
served 918000 cold layer calls, mean 114.3 us, mean rows 14.8
served 920000 cold layer calls, mean 114.4 us, mean rows 14.8
served 922000 cold layer calls, mean 114.4 us, mean rows 14.8
served 924000 cold layer calls, mean 114.4 us, mean rows 14.8
served 926000 cold layer calls, mean 114.5 us, mean rows 14.8
served 928000 cold layer calls, mean 114.5 us, mean rows 14.8
served 930000 cold layer calls, mean 114.6 us, mean rows 14.7
served 932000 cold layer calls, mean 114.6 us, mean rows 14.7
served 934000 cold layer calls, mean 114.6 us, mean rows 14.7
served 936000 cold layer calls, mean 114.7 us, mean rows 14.7
served 938000 cold layer calls, mean 114.7 us, mean rows 14.7
served 940000 cold layer calls, mean 114.8 us, mean rows 14.7
served 942000 cold layer calls, mean 114.9 us, mean rows 14.7
served 944000 cold layer calls, mean 115.0 us, mean rows 14.7
served 946000 cold layer calls, mean 115.1 us, mean rows 14.7
served 948000 cold layer calls, mean 115.2 us, mean rows 14.6
served 950000 cold layer calls, mean 115.3 us, mean rows 14.7
served 952000 cold layer calls, mean 115.3 us, mean rows 14.6
served 954000 cold layer calls, mean 115.3 us, mean rows 14.6
served 956000 cold layer calls, mean 115.3 us, mean rows 14.6
served 958000 cold layer calls, mean 115.4 us, mean rows 14.6
served 960000 cold layer calls, mean 115.4 us, mean rows 14.6
served 962000 cold layer calls, mean 115.4 us, mean rows 14.6
served 964000 cold layer calls, mean 115.5 us, mean rows 14.6
served 966000 cold layer calls, mean 115.5 us, mean rows 14.5
served 968000 cold layer calls, mean 115.5 us, mean rows 14.5
served 970000 cold layer calls, mean 115.6 us, mean rows 14.5
served 972000 cold layer calls, mean 115.6 us, mean rows 14.5
served 974000 cold layer calls, mean 115.7 us, mean rows 14.5
served 976000 cold layer calls, mean 115.7 us, mean rows 14.5
served 978000 cold layer calls, mean 115.7 us, mean rows 14.5
served 980000 cold layer calls, mean 115.8 us, mean rows 14.5
served 982000 cold layer calls, mean 115.8 us, mean rows 14.5
served 984000 cold layer calls, mean 115.9 us, mean rows 14.4
served 986000 cold layer calls, mean 116.0 us, mean rows 14.4
served 988000 cold layer calls, mean 116.0 us, mean rows 14.4
served 990000 cold layer calls, mean 116.1 us, mean rows 14.4
served 992000 cold layer calls, mean 116.2 us, mean rows 14.4
served 994000 cold layer calls, mean 116.2 us, mean rows 14.4
served 996000 cold layer calls, mean 116.2 us, mean rows 14.4
served 998000 cold layer calls, mean 116.2 us, mean rows 14.4
served 1000000 cold layer calls, mean 116.2 us, mean rows 14.3
served 1002000 cold layer calls, mean 116.2 us, mean rows 14.3
served 1004000 cold layer calls, mean 116.3 us, mean rows 14.3
served 1006000 cold layer calls, mean 116.3 us, mean rows 14.3
served 1008000 cold layer calls, mean 116.3 us, mean rows 14.3
served 1010000 cold layer calls, mean 116.4 us, mean rows 14.3
served 1012000 cold layer calls, mean 116.4 us, mean rows 14.3
served 1014000 cold layer calls, mean 116.4 us, mean rows 14.3
served 1016000 cold layer calls, mean 116.4 us, mean rows 14.2
served 1018000 cold layer calls, mean 116.4 us, mean rows 14.2
served 1020000 cold layer calls, mean 116.5 us, mean rows 14.2
served 1022000 cold layer calls, mean 116.5 us, mean rows 14.2
served 1024000 cold layer calls, mean 116.6 us, mean rows 14.2
served 1026000 cold layer calls, mean 116.6 us, mean rows 14.2
served 1028000 cold layer calls, mean 116.7 us, mean rows 14.2
served 1030000 cold layer calls, mean 116.7 us, mean rows 14.2
served 1032000 cold layer calls, mean 116.7 us, mean rows 14.2
served 1034000 cold layer calls, mean 116.7 us, mean rows 14.2
served 1036000 cold layer calls, mean 116.8 us, mean rows 14.2
served 1038000 cold layer calls, mean 116.9 us, mean rows 14.2
served 1040000 cold layer calls, mean 117.0 us, mean rows 14.2
served 1042000 cold layer calls, mean 117.0 us, mean rows 14.2
served 1044000 cold layer calls, mean 117.1 us, mean rows 14.2
served 1046000 cold layer calls, mean 117.2 us, mean rows 14.2
served 1048000 cold layer calls, mean 117.3 us, mean rows 14.2
served 1050000 cold layer calls, mean 117.3 us, mean rows 14.2
served 1052000 cold layer calls, mean 117.4 us, mean rows 14.2
served 1054000 cold layer calls, mean 117.5 us, mean rows 14.2
served 1056000 cold layer calls, mean 117.6 us, mean rows 14.2
served 1058000 cold layer calls, mean 117.7 us, mean rows 14.2
served 1060000 cold layer calls, mean 117.8 us, mean rows 14.2
served 1062000 cold layer calls, mean 117.9 us, mean rows 14.2
served 1064000 cold layer calls, mean 118.0 us, mean rows 14.2
served 1066000 cold layer calls, mean 118.1 us, mean rows 14.1
served 1068000 cold layer calls, mean 118.2 us, mean rows 14.1
served 1070000 cold layer calls, mean 118.2 us, mean rows 14.1
served 1072000 cold layer calls, mean 118.3 us, mean rows 14.1
served 1074000 cold layer calls, mean 118.4 us, mean rows 14.1
served 1076000 cold layer calls, mean 118.5 us, mean rows 14.1
served 1078000 cold layer calls, mean 118.5 us, mean rows 14.1
served 1080000 cold layer calls, mean 118.6 us, mean rows 14.1
served 1082000 cold layer calls, mean 118.7 us, mean rows 14.1
served 1084000 cold layer calls, mean 118.8 us, mean rows 14.1
served 1086000 cold layer calls, mean 118.9 us, mean rows 14.1
served 1088000 cold layer calls, mean 119.0 us, mean rows 14.1
served 1090000 cold layer calls, mean 119.1 us, mean rows 14.1
served 1092000 cold layer calls, mean 119.2 us, mean rows 14.1
served 1094000 cold layer calls, mean 119.3 us, mean rows 14.1
served 1096000 cold layer calls, mean 119.4 us, mean rows 14.1
served 1098000 cold layer calls, mean 119.4 us, mean rows 14.1
served 1100000 cold layer calls, mean 119.5 us, mean rows 14.1
served 1102000 cold layer calls, mean 119.5 us, mean rows 14.1
served 1104000 cold layer calls, mean 119.4 us, mean rows 14.1
served 1106000 cold layer calls, mean 119.4 us, mean rows 14.1
served 1108000 cold layer calls, mean 119.4 us, mean rows 14.0
served 1110000 cold layer calls, mean 119.3 us, mean rows 14.0
served 1112000 cold layer calls, mean 119.3 us, mean rows 14.0
served 1114000 cold layer calls, mean 119.3 us, mean rows 14.0
served 1116000 cold layer calls, mean 119.3 us, mean rows 14.0
served 1118000 cold layer calls, mean 119.3 us, mean rows 14.0
served 1120000 cold layer calls, mean 119.2 us, mean rows 14.0
served 1122000 cold layer calls, mean 119.2 us, mean rows 13.9
served 1124000 cold layer calls, mean 119.2 us, mean rows 13.9
served 1126000 cold layer calls, mean 119.1 us, mean rows 13.9
served 1128000 cold layer calls, mean 119.1 us, mean rows 13.9
served 1130000 cold layer calls, mean 119.1 us, mean rows 13.9
served 1132000 cold layer calls, mean 119.1 us, mean rows 13.9
served 1134000 cold layer calls, mean 119.1 us, mean rows 13.8
served 1136000 cold layer calls, mean 119.0 us, mean rows 13.8
served 1138000 cold layer calls, mean 119.0 us, mean rows 13.8
served 1140000 cold layer calls, mean 119.0 us, mean rows 13.8
served 1142000 cold layer calls, mean 119.0 us, mean rows 13.8
served 1144000 cold layer calls, mean 118.9 us, mean rows 13.8
served 1146000 cold layer calls, mean 118.9 us, mean rows 13.8
served 1148000 cold layer calls, mean 118.9 us, mean rows 13.7
served 1150000 cold layer calls, mean 118.9 us, mean rows 13.7
served 1152000 cold layer calls, mean 118.8 us, mean rows 13.7
served 1154000 cold layer calls, mean 118.8 us, mean rows 13.7
served 1156000 cold layer calls, mean 118.8 us, mean rows 13.7
served 1158000 cold layer calls, mean 118.8 us, mean rows 13.7
served 1160000 cold layer calls, mean 118.7 us, mean rows 13.6
served 1162000 cold layer calls, mean 118.7 us, mean rows 13.6
served 1164000 cold layer calls, mean 118.7 us, mean rows 13.6
served 1166000 cold layer calls, mean 118.6 us, mean rows 13.6
served 1168000 cold layer calls, mean 118.6 us, mean rows 13.6
served 1170000 cold layer calls, mean 118.6 us, mean rows 13.6
served 1172000 cold layer calls, mean 118.5 us, mean rows 13.5
served 1174000 cold layer calls, mean 118.5 us, mean rows 13.5
served 1176000 cold layer calls, mean 118.5 us, mean rows 13.5
served 1178000 cold layer calls, mean 118.5 us, mean rows 13.5
served 1180000 cold layer calls, mean 118.4 us, mean rows 13.5
served 1182000 cold layer calls, mean 118.4 us, mean rows 13.5
served 1184000 cold layer calls, mean 118.4 us, mean rows 13.5
served 1186000 cold layer calls, mean 118.3 us, mean rows 13.4
served 1188000 cold layer calls, mean 118.3 us, mean rows 13.4
served 1190000 cold layer calls, mean 118.3 us, mean rows 13.4
served 1192000 cold layer calls, mean 118.2 us, mean rows 13.4
served 1194000 cold layer calls, mean 118.3 us, mean rows 13.4
served 1196000 cold layer calls, mean 118.2 us, mean rows 13.4
served 1198000 cold layer calls, mean 118.2 us, mean rows 13.4
served 1200000 cold layer calls, mean 118.2 us, mean rows 13.4
served 1202000 cold layer calls, mean 118.2 us, mean rows 13.4
served 1204000 cold layer calls, mean 118.3 us, mean rows 13.3
served 1206000 cold layer calls, mean 118.3 us, mean rows 13.3
served 1208000 cold layer calls, mean 118.3 us, mean rows 13.3
served 1210000 cold layer calls, mean 118.3 us, mean rows 13.3
served 1212000 cold layer calls, mean 118.3 us, mean rows 13.3
served 1214000 cold layer calls, mean 118.4 us, mean rows 13.3
served 1216000 cold layer calls, mean 118.4 us, mean rows 13.3
served 1218000 cold layer calls, mean 118.4 us, mean rows 13.3
served 1220000 cold layer calls, mean 118.4 us, mean rows 13.3
served 1222000 cold layer calls, mean 118.4 us, mean rows 13.3
served 1224000 cold layer calls, mean 118.4 us, mean rows 13.3
served 1226000 cold layer calls, mean 118.5 us, mean rows 13.3
served 1228000 cold layer calls, mean 118.5 us, mean rows 13.3
served 1230000 cold layer calls, mean 118.5 us, mean rows 13.2
served 1232000 cold layer calls, mean 118.5 us, mean rows 13.2
served 1234000 cold layer calls, mean 118.5 us, mean rows 13.2
served 1236000 cold layer calls, mean 118.5 us, mean rows 13.2
served 1238000 cold layer calls, mean 118.6 us, mean rows 13.2
served 1240000 cold layer calls, mean 118.6 us, mean rows 13.2
served 1242000 cold layer calls, mean 118.6 us, mean rows 13.2
served 1244000 cold layer calls, mean 118.7 us, mean rows 13.2
served 1246000 cold layer calls, mean 118.7 us, mean rows 13.2
served 1248000 cold layer calls, mean 118.7 us, mean rows 13.2
served 1250000 cold layer calls, mean 118.7 us, mean rows 13.2
served 1252000 cold layer calls, mean 118.8 us, mean rows 13.2
served 1254000 cold layer calls, mean 118.8 us, mean rows 13.2
served 1256000 cold layer calls, mean 118.9 us, mean rows 13.2
served 1258000 cold layer calls, mean 118.9 us, mean rows 13.2
served 1260000 cold layer calls, mean 118.9 us, mean rows 13.2
served 1262000 cold layer calls, mean 118.9 us, mean rows 13.1
served 1264000 cold layer calls, mean 119.0 us, mean rows 13.1
served 1266000 cold layer calls, mean 119.0 us, mean rows 13.1
served 1268000 cold layer calls, mean 119.0 us, mean rows 13.1
served 1270000 cold layer calls, mean 119.0 us, mean rows 13.1
served 1272000 cold layer calls, mean 119.1 us, mean rows 13.1
served 1274000 cold layer calls, mean 119.1 us, mean rows 13.1
served 1276000 cold layer calls, mean 119.1 us, mean rows 13.1
served 1278000 cold layer calls, mean 119.1 us, mean rows 13.1
served 1280000 cold layer calls, mean 119.1 us, mean rows 13.1
served 1282000 cold layer calls, mean 119.1 us, mean rows 13.1
served 1284000 cold layer calls, mean 119.2 us, mean rows 13.1
served 1286000 cold layer calls, mean 119.2 us, mean rows 13.1
served 1288000 cold layer calls, mean 119.2 us, mean rows 13.1
served 1290000 cold layer calls, mean 119.2 us, mean rows 13.1
served 1292000 cold layer calls, mean 119.2 us, mean rows 13.1
served 1294000 cold layer calls, mean 119.3 us, mean rows 13.1
served 1296000 cold layer calls, mean 119.3 us, mean rows 13.1
served 1298000 cold layer calls, mean 119.3 us, mean rows 13.0
served 1300000 cold layer calls, mean 119.4 us, mean rows 13.0
served 1302000 cold layer calls, mean 119.4 us, mean rows 13.0
served 1304000 cold layer calls, mean 119.4 us, mean rows 13.0
served 1306000 cold layer calls, mean 119.4 us, mean rows 13.0
served 1308000 cold layer calls, mean 119.5 us, mean rows 13.0
served 1310000 cold layer calls, mean 119.5 us, mean rows 13.0
served 1312000 cold layer calls, mean 119.5 us, mean rows 13.0
served 1314000 cold layer calls, mean 119.5 us, mean rows 13.0
served 1316000 cold layer calls, mean 119.5 us, mean rows 13.0
served 1318000 cold layer calls, mean 119.6 us, mean rows 13.0
served 1320000 cold layer calls, mean 119.6 us, mean rows 13.0
served 1322000 cold layer calls, mean 119.6 us, mean rows 13.0
served 1324000 cold layer calls, mean 119.7 us, mean rows 13.0
served 1326000 cold layer calls, mean 119.7 us, mean rows 13.0
served 1328000 cold layer calls, mean 119.8 us, mean rows 13.0
served 1330000 cold layer calls, mean 119.8 us, mean rows 13.0
served 1332000 cold layer calls, mean 119.8 us, mean rows 12.9
served 1334000 cold layer calls, mean 119.8 us, mean rows 12.9
served 1336000 cold layer calls, mean 119.9 us, mean rows 12.9
served 1338000 cold layer calls, mean 119.9 us, mean rows 12.9
served 1340000 cold layer calls, mean 119.9 us, mean rows 12.9
served 1342000 cold layer calls, mean 119.9 us, mean rows 12.9
served 1344000 cold layer calls, mean 119.9 us, mean rows 12.9
served 1346000 cold layer calls, mean 120.0 us, mean rows 12.9
served 1348000 cold layer calls, mean 120.0 us, mean rows 12.9
served 1350000 cold layer calls, mean 120.0 us, mean rows 12.9
served 1352000 cold layer calls, mean 120.1 us, mean rows 12.9
served 1354000 cold layer calls, mean 120.2 us, mean rows 12.9
served 1356000 cold layer calls, mean 120.1 us, mean rows 12.9
served 1358000 cold layer calls, mean 120.1 us, mean rows 12.9
served 1360000 cold layer calls, mean 120.1 us, mean rows 12.9
served 1362000 cold layer calls, mean 120.2 us, mean rows 12.9
served 1364000 cold layer calls, mean 120.2 us, mean rows 12.9
served 1366000 cold layer calls, mean 120.3 us, mean rows 12.9
served 1368000 cold layer calls, mean 120.3 us, mean rows 12.9
served 1370000 cold layer calls, mean 120.4 us, mean rows 12.9
served 1372000 cold layer calls, mean 120.4 us, mean rows 12.9
served 1374000 cold layer calls, mean 120.5 us, mean rows 12.9
served 1376000 cold layer calls, mean 120.5 us, mean rows 12.9
served 1378000 cold layer calls, mean 120.6 us, mean rows 12.9
served 1380000 cold layer calls, mean 120.6 us, mean rows 12.9
served 1382000 cold layer calls, mean 120.7 us, mean rows 12.9
served 1384000 cold layer calls, mean 120.8 us, mean rows 12.9
served 1386000 cold layer calls, mean 120.8 us, mean rows 12.9
served 1388000 cold layer calls, mean 120.9 us, mean rows 12.9
served 1390000 cold layer calls, mean 121.0 us, mean rows 12.9
served 1392000 cold layer calls, mean 121.0 us, mean rows 12.9
served 1394000 cold layer calls, mean 121.1 us, mean rows 12.9
served 1396000 cold layer calls, mean 121.1 us, mean rows 12.9
served 1398000 cold layer calls, mean 121.2 us, mean rows 12.9
served 1400000 cold layer calls, mean 121.2 us, mean rows 12.9
served 1402000 cold layer calls, mean 121.3 us, mean rows 12.9
served 1404000 cold layer calls, mean 121.4 us, mean rows 12.9
served 1406000 cold layer calls, mean 121.4 us, mean rows 12.9
served 1408000 cold layer calls, mean 121.5 us, mean rows 12.9
served 1410000 cold layer calls, mean 121.6 us, mean rows 12.9
served 1412000 cold layer calls, mean 121.6 us, mean rows 12.9
served 1414000 cold layer calls, mean 121.7 us, mean rows 12.9
served 1416000 cold layer calls, mean 121.8 us, mean rows 12.9
served 1418000 cold layer calls, mean 121.8 us, mean rows 12.9
served 1420000 cold layer calls, mean 121.9 us, mean rows 12.9
served 1422000 cold layer calls, mean 121.9 us, mean rows 12.9
served 1424000 cold layer calls, mean 122.0 us, mean rows 12.9
served 1426000 cold layer calls, mean 122.0 us, mean rows 12.9
served 1428000 cold layer calls, mean 121.9 us, mean rows 12.8
served 1430000 cold layer calls, mean 121.9 us, mean rows 12.8
served 1432000 cold layer calls, mean 121.9 us, mean rows 12.8
served 1434000 cold layer calls, mean 121.8 us, mean rows 12.8
served 1436000 cold layer calls, mean 121.8 us, mean rows 12.8
served 1438000 cold layer calls, mean 121.8 us, mean rows 12.8
served 1440000 cold layer calls, mean 121.8 us, mean rows 12.8
served 1442000 cold layer calls, mean 121.7 us, mean rows 12.8
served 1444000 cold layer calls, mean 121.7 us, mean rows 12.8
served 1446000 cold layer calls, mean 121.7 us, mean rows 12.7
served 1448000 cold layer calls, mean 121.6 us, mean rows 12.7
served 1450000 cold layer calls, mean 121.6 us, mean rows 12.7
served 1452000 cold layer calls, mean 121.6 us, mean rows 12.7
served 1454000 cold layer calls, mean 121.6 us, mean rows 12.7
served 1456000 cold layer calls, mean 121.6 us, mean rows 12.7
served 1458000 cold layer calls, mean 121.5 us, mean rows 12.7
served 1460000 cold layer calls, mean 121.5 us, mean rows 12.7
served 1462000 cold layer calls, mean 121.5 us, mean rows 12.7
served 1464000 cold layer calls, mean 121.5 us, mean rows 12.6
served 1466000 cold layer calls, mean 121.4 us, mean rows 12.6
served 1468000 cold layer calls, mean 121.4 us, mean rows 12.6
served 1470000 cold layer calls, mean 121.4 us, mean rows 12.6
served 1472000 cold layer calls, mean 121.4 us, mean rows 12.6
served 1474000 cold layer calls, mean 121.4 us, mean rows 12.6
served 1476000 cold layer calls, mean 121.3 us, mean rows 12.6
served 1478000 cold layer calls, mean 121.3 us, mean rows 12.6
served 1480000 cold layer calls, mean 121.3 us, mean rows 12.6
served 1482000 cold layer calls, mean 121.3 us, mean rows 12.6
served 1484000 cold layer calls, mean 121.2 us, mean rows 12.5
served 1486000 cold layer calls, mean 121.2 us, mean rows 12.5
served 1488000 cold layer calls, mean 121.2 us, mean rows 12.5
served 1490000 cold layer calls, mean 121.1 us, mean rows 12.5
served 1492000 cold layer calls, mean 121.1 us, mean rows 12.5
served 1494000 cold layer calls, mean 121.1 us, mean rows 12.5
served 1496000 cold layer calls, mean 121.1 us, mean rows 12.5
served 1498000 cold layer calls, mean 121.1 us, mean rows 12.5
served 1500000 cold layer calls, mean 121.1 us, mean rows 12.5
served 1502000 cold layer calls, mean 121.1 us, mean rows 12.5
served 1504000 cold layer calls, mean 121.0 us, mean rows 12.4
served 1506000 cold layer calls, mean 121.0 us, mean rows 12.4
served 1508000 cold layer calls, mean 121.0 us, mean rows 12.4
served 1510000 cold layer calls, mean 121.0 us, mean rows 12.4
served 1512000 cold layer calls, mean 121.0 us, mean rows 12.4
served 1514000 cold layer calls, mean 121.0 us, mean rows 12.4
served 1516000 cold layer calls, mean 121.0 us, mean rows 12.4
served 1518000 cold layer calls, mean 121.0 us, mean rows 12.4
served 1520000 cold layer calls, mean 121.0 us, mean rows 12.4
served 1522000 cold layer calls, mean 121.0 us, mean rows 12.4
served 1524000 cold layer calls, mean 120.9 us, mean rows 12.4
served 1526000 cold layer calls, mean 120.9 us, mean rows 12.4
served 1528000 cold layer calls, mean 120.9 us, mean rows 12.4
served 1530000 cold layer calls, mean 121.0 us, mean rows 12.4
served 1532000 cold layer calls, mean 121.0 us, mean rows 12.3
served 1534000 cold layer calls, mean 121.0 us, mean rows 12.3
served 1536000 cold layer calls, mean 121.0 us, mean rows 12.3
served 1538000 cold layer calls, mean 121.0 us, mean rows 12.3
served 1540000 cold layer calls, mean 121.0 us, mean rows 12.3
served 1542000 cold layer calls, mean 121.0 us, mean rows 12.3
served 1544000 cold layer calls, mean 121.1 us, mean rows 12.3
served 1546000 cold layer calls, mean 121.1 us, mean rows 12.3
served 1548000 cold layer calls, mean 121.1 us, mean rows 12.3
served 1550000 cold layer calls, mean 121.1 us, mean rows 12.3
served 1552000 cold layer calls, mean 121.1 us, mean rows 12.3
served 1554000 cold layer calls, mean 121.1 us, mean rows 12.3
served 1556000 cold layer calls, mean 121.1 us, mean rows 12.3
served 1558000 cold layer calls, mean 121.2 us, mean rows 12.3
served 1560000 cold layer calls, mean 121.2 us, mean rows 12.3
served 1562000 cold layer calls, mean 121.2 us, mean rows 12.3
served 1564000 cold layer calls, mean 121.2 us, mean rows 12.3
served 1566000 cold layer calls, mean 121.2 us, mean rows 12.3
served 1568000 cold layer calls, mean 121.3 us, mean rows 12.3
served 1570000 cold layer calls, mean 121.3 us, mean rows 12.3
served 1572000 cold layer calls, mean 121.3 us, mean rows 12.3
served 1574000 cold layer calls, mean 121.4 us, mean rows 12.3
served 1576000 cold layer calls, mean 121.4 us, mean rows 12.3
served 1578000 cold layer calls, mean 121.4 us, mean rows 12.3
served 1580000 cold layer calls, mean 121.4 us, mean rows 12.3
served 1582000 cold layer calls, mean 121.5 us, mean rows 12.3
served 1584000 cold layer calls, mean 121.5 us, mean rows 12.3
served 1586000 cold layer calls, mean 121.5 us, mean rows 12.3
served 1588000 cold layer calls, mean 121.5 us, mean rows 12.3
served 1590000 cold layer calls, mean 121.5 us, mean rows 12.3
served 1592000 cold layer calls, mean 121.6 us, mean rows 12.3
served 1594000 cold layer calls, mean 121.6 us, mean rows 12.3
served 1596000 cold layer calls, mean 121.6 us, mean rows 12.2
served 1598000 cold layer calls, mean 121.6 us, mean rows 12.2
served 1600000 cold layer calls, mean 121.7 us, mean rows 12.3
served 1602000 cold layer calls, mean 121.6 us, mean rows 12.2
served 1604000 cold layer calls, mean 121.6 us, mean rows 12.2
served 1606000 cold layer calls, mean 121.6 us, mean rows 12.2
served 1608000 cold layer calls, mean 121.6 us, mean rows 12.2
served 1610000 cold layer calls, mean 121.6 us, mean rows 12.2
served 1612000 cold layer calls, mean 121.7 us, mean rows 12.2
served 1614000 cold layer calls, mean 121.7 us, mean rows 12.2
served 1616000 cold layer calls, mean 121.7 us, mean rows 12.2
served 1618000 cold layer calls, mean 121.7 us, mean rows 12.2
served 1620000 cold layer calls, mean 121.7 us, mean rows 12.2
served 1622000 cold layer calls, mean 121.8 us, mean rows 12.2
served 1624000 cold layer calls, mean 121.8 us, mean rows 12.2
served 1626000 cold layer calls, mean 121.8 us, mean rows 12.2
served 1628000 cold layer calls, mean 121.8 us, mean rows 12.2
served 1630000 cold layer calls, mean 121.9 us, mean rows 12.2
served 1632000 cold layer calls, mean 121.9 us, mean rows 12.2
served 1634000 cold layer calls, mean 121.9 us, mean rows 12.2
served 1636000 cold layer calls, mean 121.9 us, mean rows 12.2
served 1638000 cold layer calls, mean 121.9 us, mean rows 12.2
served 1640000 cold layer calls, mean 122.0 us, mean rows 12.2
served 1642000 cold layer calls, mean 122.0 us, mean rows 12.2
served 1644000 cold layer calls, mean 122.0 us, mean rows 12.2
served 1646000 cold layer calls, mean 122.0 us, mean rows 12.2
served 1648000 cold layer calls, mean 122.0 us, mean rows 12.1
served 1650000 cold layer calls, mean 122.1 us, mean rows 12.1
served 1652000 cold layer calls, mean 122.1 us, mean rows 12.1
served 1654000 cold layer calls, mean 122.1 us, mean rows 12.1
served 1656000 cold layer calls, mean 122.1 us, mean rows 12.1
served 1658000 cold layer calls, mean 122.1 us, mean rows 12.1
served 1660000 cold layer calls, mean 122.1 us, mean rows 12.1
served 1662000 cold layer calls, mean 122.1 us, mean rows 12.1
served 1664000 cold layer calls, mean 122.2 us, mean rows 12.1
served 1666000 cold layer calls, mean 122.2 us, mean rows 12.1
served 1668000 cold layer calls, mean 122.2 us, mean rows 12.1
served 1670000 cold layer calls, mean 122.2 us, mean rows 12.1
served 1672000 cold layer calls, mean 122.2 us, mean rows 12.1
served 1674000 cold layer calls, mean 122.3 us, mean rows 12.1
served 1676000 cold layer calls, mean 122.3 us, mean rows 12.1
served 1678000 cold layer calls, mean 122.4 us, mean rows 12.1
served 1680000 cold layer calls, mean 122.4 us, mean rows 12.1
served 1682000 cold layer calls, mean 122.4 us, mean rows 12.1
served 1684000 cold layer calls, mean 122.4 us, mean rows 12.1
served 1686000 cold layer calls, mean 122.4 us, mean rows 12.1
served 1688000 cold layer calls, mean 122.5 us, mean rows 12.1
served 1690000 cold layer calls, mean 122.5 us, mean rows 12.1
served 1692000 cold layer calls, mean 122.5 us, mean rows 12.1
served 1694000 cold layer calls, mean 122.6 us, mean rows 12.1
served 1696000 cold layer calls, mean 122.6 us, mean rows 12.1
served 1698000 cold layer calls, mean 122.7 us, mean rows 12.1
served 1700000 cold layer calls, mean 122.7 us, mean rows 12.1
served 1702000 cold layer calls, mean 122.8 us, mean rows 12.1
served 1704000 cold layer calls, mean 122.8 us, mean rows 12.1
served 1706000 cold layer calls, mean 122.9 us, mean rows 12.1
served 1708000 cold layer calls, mean 122.9 us, mean rows 12.1
served 1710000 cold layer calls, mean 122.9 us, mean rows 12.1
served 1712000 cold layer calls, mean 123.0 us, mean rows 12.1
served 1714000 cold layer calls, mean 123.0 us, mean rows 12.1
served 1716000 cold layer calls, mean 123.1 us, mean rows 12.1
served 1718000 cold layer calls, mean 123.1 us, mean rows 12.1
served 1720000 cold layer calls, mean 123.2 us, mean rows 12.1
served 1722000 cold layer calls, mean 123.2 us, mean rows 12.1
served 1724000 cold layer calls, mean 123.3 us, mean rows 12.1
served 1726000 cold layer calls, mean 123.3 us, mean rows 12.1
served 1728000 cold layer calls, mean 123.3 us, mean rows 12.1
served 1730000 cold layer calls, mean 123.4 us, mean rows 12.1
served 1732000 cold layer calls, mean 123.5 us, mean rows 12.1
served 1734000 cold layer calls, mean 123.5 us, mean rows 12.1
served 1736000 cold layer calls, mean 123.6 us, mean rows 12.1
served 1738000 cold layer calls, mean 123.6 us, mean rows 12.1
served 1740000 cold layer calls, mean 123.6 us, mean rows 12.1
served 1742000 cold layer calls, mean 123.7 us, mean rows 12.1
served 1744000 cold layer calls, mean 123.7 us, mean rows 12.1
served 1746000 cold layer calls, mean 123.8 us, mean rows 12.1
served 1748000 cold layer calls, mean 123.8 us, mean rows 12.1
served 1750000 cold layer calls, mean 123.8 us, mean rows 12.1
served 1752000 cold layer calls, mean 123.8 us, mean rows 12.1
served 1754000 cold layer calls, mean 123.8 us, mean rows 12.1
served 1756000 cold layer calls, mean 123.8 us, mean rows 12.1
served 1758000 cold layer calls, mean 123.7 us, mean rows 12.1
served 1760000 cold layer calls, mean 123.7 us, mean rows 12.1
served 1762000 cold layer calls, mean 123.7 us, mean rows 12.1
served 1764000 cold layer calls, mean 123.7 us, mean rows 12.0
served 1766000 cold layer calls, mean 123.6 us, mean rows 12.0
served 1768000 cold layer calls, mean 123.6 us, mean rows 12.0
served 1770000 cold layer calls, mean 123.6 us, mean rows 12.0
served 1772000 cold layer calls, mean 123.6 us, mean rows 12.0
served 1774000 cold layer calls, mean 123.5 us, mean rows 12.0
served 1776000 cold layer calls, mean 123.5 us, mean rows 12.0
served 1778000 cold layer calls, mean 123.5 us, mean rows 12.0
served 1780000 cold layer calls, mean 123.4 us, mean rows 12.0
served 1782000 cold layer calls, mean 123.4 us, mean rows 12.0
served 1784000 cold layer calls, mean 123.4 us, mean rows 12.0
served 1786000 cold layer calls, mean 123.3 us, mean rows 12.0
served 1788000 cold layer calls, mean 123.3 us, mean rows 11.9
served 1790000 cold layer calls, mean 123.3 us, mean rows 11.9
served 1792000 cold layer calls, mean 123.2 us, mean rows 11.9
served 1794000 cold layer calls, mean 123.2 us, mean rows 11.9
served 1796000 cold layer calls, mean 123.2 us, mean rows 11.9
served 1798000 cold layer calls, mean 123.1 us, mean rows 11.9
served 1800000 cold layer calls, mean 123.1 us, mean rows 11.9
served 1802000 cold layer calls, mean 123.1 us, mean rows 11.9
served 1804000 cold layer calls, mean 123.1 us, mean rows 11.9
served 1806000 cold layer calls, mean 123.0 us, mean rows 11.9
served 1808000 cold layer calls, mean 123.0 us, mean rows 11.9
served 1810000 cold layer calls, mean 123.0 us, mean rows 11.8
served 1812000 cold layer calls, mean 123.0 us, mean rows 11.8
served 1814000 cold layer calls, mean 123.0 us, mean rows 11.8
served 1816000 cold layer calls, mean 123.0 us, mean rows 11.8
served 1818000 cold layer calls, mean 122.9 us, mean rows 11.8
served 1820000 cold layer calls, mean 122.9 us, mean rows 11.8
served 1822000 cold layer calls, mean 122.9 us, mean rows 11.8
served 1824000 cold layer calls, mean 122.9 us, mean rows 11.8
served 1826000 cold layer calls, mean 122.8 us, mean rows 11.8
served 1828000 cold layer calls, mean 122.8 us, mean rows 11.8
served 1830000 cold layer calls, mean 122.8 us, mean rows 11.8
served 1832000 cold layer calls, mean 122.8 us, mean rows 11.8
served 1834000 cold layer calls, mean 122.7 us, mean rows 11.8
served 1836000 cold layer calls, mean 122.7 us, mean rows 11.7
served 1838000 cold layer calls, mean 122.7 us, mean rows 11.7
served 1840000 cold layer calls, mean 122.7 us, mean rows 11.7
served 1842000 cold layer calls, mean 122.7 us, mean rows 11.7
served 1844000 cold layer calls, mean 122.7 us, mean rows 11.7
served 1846000 cold layer calls, mean 122.7 us, mean rows 11.7
served 1848000 cold layer calls, mean 122.7 us, mean rows 11.7
served 1850000 cold layer calls, mean 122.7 us, mean rows 11.7
served 1852000 cold layer calls, mean 122.7 us, mean rows 11.7
served 1854000 cold layer calls, mean 122.7 us, mean rows 11.7
served 1856000 cold layer calls, mean 122.7 us, mean rows 11.7
served 1858000 cold layer calls, mean 122.7 us, mean rows 11.7
served 1860000 cold layer calls, mean 122.7 us, mean rows 11.7
served 1862000 cold layer calls, mean 122.7 us, mean rows 11.7
served 1864000 cold layer calls, mean 122.7 us, mean rows 11.7
served 1866000 cold layer calls, mean 122.8 us, mean rows 11.7
served 1868000 cold layer calls, mean 122.8 us, mean rows 11.7
served 1870000 cold layer calls, mean 122.8 us, mean rows 11.7
served 1872000 cold layer calls, mean 122.8 us, mean rows 11.7
served 1874000 cold layer calls, mean 122.8 us, mean rows 11.7
served 1876000 cold layer calls, mean 122.8 us, mean rows 11.7
served 1878000 cold layer calls, mean 122.8 us, mean rows 11.7
served 1880000 cold layer calls, mean 122.8 us, mean rows 11.7
served 1882000 cold layer calls, mean 122.8 us, mean rows 11.7
served 1884000 cold layer calls, mean 122.8 us, mean rows 11.7
served 1886000 cold layer calls, mean 122.8 us, mean rows 11.7
served 1888000 cold layer calls, mean 122.8 us, mean rows 11.7
served 1890000 cold layer calls, mean 122.8 us, mean rows 11.7
served 1892000 cold layer calls, mean 122.8 us, mean rows 11.7
served 1894000 cold layer calls, mean 122.9 us, mean rows 11.7
served 1896000 cold layer calls, mean 122.9 us, mean rows 11.7
served 1898000 cold layer calls, mean 122.9 us, mean rows 11.7
served 1900000 cold layer calls, mean 122.9 us, mean rows 11.7
served 1902000 cold layer calls, mean 122.9 us, mean rows 11.6
served 1904000 cold layer calls, mean 122.9 us, mean rows 11.6
served 1906000 cold layer calls, mean 122.9 us, mean rows 11.6
served 1908000 cold layer calls, mean 122.9 us, mean rows 11.6
served 1910000 cold layer calls, mean 122.9 us, mean rows 11.6
served 1912000 cold layer calls, mean 123.0 us, mean rows 11.6
served 1914000 cold layer calls, mean 123.0 us, mean rows 11.6
served 1916000 cold layer calls, mean 123.0 us, mean rows 11.6
served 1918000 cold layer calls, mean 123.0 us, mean rows 11.6
served 1920000 cold layer calls, mean 123.0 us, mean rows 11.6
served 1922000 cold layer calls, mean 123.1 us, mean rows 11.6
served 1924000 cold layer calls, mean 123.1 us, mean rows 11.6
served 1926000 cold layer calls, mean 123.0 us, mean rows 11.6
served 1928000 cold layer calls, mean 123.0 us, mean rows 11.6
served 1930000 cold layer calls, mean 123.1 us, mean rows 11.6
served 1932000 cold layer calls, mean 123.1 us, mean rows 11.6
served 1934000 cold layer calls, mean 123.1 us, mean rows 11.6
served 1936000 cold layer calls, mean 123.1 us, mean rows 11.6
served 1938000 cold layer calls, mean 123.1 us, mean rows 11.6
served 1940000 cold layer calls, mean 123.2 us, mean rows 11.6
served 1942000 cold layer calls, mean 123.2 us, mean rows 11.6
served 1944000 cold layer calls, mean 123.2 us, mean rows 11.6
served 1946000 cold layer calls, mean 123.2 us, mean rows 11.6
served 1948000 cold layer calls, mean 123.2 us, mean rows 11.6
served 1950000 cold layer calls, mean 123.2 us, mean rows 11.6
served 1952000 cold layer calls, mean 123.2 us, mean rows 11.6
served 1954000 cold layer calls, mean 123.2 us, mean rows 11.6
served 1956000 cold layer calls, mean 123.3 us, mean rows 11.6
served 1958000 cold layer calls, mean 123.3 us, mean rows 11.6
served 1960000 cold layer calls, mean 123.3 us, mean rows 11.6
served 1962000 cold layer calls, mean 123.3 us, mean rows 11.6
served 1964000 cold layer calls, mean 123.4 us, mean rows 11.6
served 1966000 cold layer calls, mean 123.4 us, mean rows 11.6
served 1968000 cold layer calls, mean 123.5 us, mean rows 11.6
served 1970000 cold layer calls, mean 123.5 us, mean rows 11.6
served 1972000 cold layer calls, mean 123.6 us, mean rows 11.6
served 1974000 cold layer calls, mean 123.6 us, mean rows 11.6
served 1976000 cold layer calls, mean 123.6 us, mean rows 11.6
served 1978000 cold layer calls, mean 123.7 us, mean rows 11.6
served 1980000 cold layer calls, mean 123.7 us, mean rows 11.6
served 1982000 cold layer calls, mean 123.7 us, mean rows 11.6
served 1984000 cold layer calls, mean 123.8 us, mean rows 11.6
served 1986000 cold layer calls, mean 123.8 us, mean rows 11.6
served 1988000 cold layer calls, mean 123.8 us, mean rows 11.6
served 1990000 cold layer calls, mean 123.8 us, mean rows 11.6
served 1992000 cold layer calls, mean 123.9 us, mean rows 11.6
served 1994000 cold layer calls, mean 123.9 us, mean rows 11.6
served 1996000 cold layer calls, mean 123.9 us, mean rows 11.6
served 1998000 cold layer calls, mean 124.0 us, mean rows 11.6
served 2000000 cold layer calls, mean 124.1 us, mean rows 11.6
served 2002000 cold layer calls, mean 124.1 us, mean rows 11.6
served 2004000 cold layer calls, mean 124.1 us, mean rows 11.6
served 2006000 cold layer calls, mean 124.1 us, mean rows 11.6
served 2008000 cold layer calls, mean 124.2 us, mean rows 11.6
served 2010000 cold layer calls, mean 124.2 us, mean rows 11.6
served 2012000 cold layer calls, mean 124.2 us, mean rows 11.6
served 2014000 cold layer calls, mean 124.2 us, mean rows 11.6
served 2016000 cold layer calls, mean 124.3 us, mean rows 11.6
served 2018000 cold layer calls, mean 124.3 us, mean rows 11.6
served 2020000 cold layer calls, mean 124.3 us, mean rows 11.6
served 2022000 cold layer calls, mean 124.4 us, mean rows 11.6
served 2024000 cold layer calls, mean 124.4 us, mean rows 11.6
served 2026000 cold layer calls, mean 124.4 us, mean rows 11.6
served 2028000 cold layer calls, mean 124.5 us, mean rows 11.6
served 2030000 cold layer calls, mean 124.5 us, mean rows 11.6
served 2032000 cold layer calls, mean 124.5 us, mean rows 11.6
served 2034000 cold layer calls, mean 124.6 us, mean rows 11.6
served 2036000 cold layer calls, mean 124.6 us, mean rows 11.6
served 2038000 cold layer calls, mean 124.6 us, mean rows 11.6
served 2040000 cold layer calls, mean 124.7 us, mean rows 11.6
served 2042000 cold layer calls, mean 124.7 us, mean rows 11.6
served 2044000 cold layer calls, mean 124.7 us, mean rows 11.6
served 2046000 cold layer calls, mean 124.8 us, mean rows 11.6
served 2048000 cold layer calls, mean 124.8 us, mean rows 11.6
served 2050000 cold layer calls, mean 124.9 us, mean rows 11.6
served 2052000 cold layer calls, mean 124.9 us, mean rows 11.6
served 2054000 cold layer calls, mean 124.9 us, mean rows 11.6
served 2056000 cold layer calls, mean 125.0 us, mean rows 11.6
served 2058000 cold layer calls, mean 125.0 us, mean rows 11.6
served 2060000 cold layer calls, mean 125.0 us, mean rows 11.6
served 2062000 cold layer calls, mean 125.0 us, mean rows 11.6
served 2064000 cold layer calls, mean 125.1 us, mean rows 11.6
served 2066000 cold layer calls, mean 125.1 us, mean rows 11.6
served 2068000 cold layer calls, mean 125.1 us, mean rows 11.6
served 2070000 cold layer calls, mean 125.2 us, mean rows 11.6
served 2072000 cold layer calls, mean 125.2 us, mean rows 11.6
served 2074000 cold layer calls, mean 125.1 us, mean rows 11.6
served 2076000 cold layer calls, mean 125.1 us, mean rows 11.5
served 2078000 cold layer calls, mean 125.1 us, mean rows 11.5
served 2080000 cold layer calls, mean 125.0 us, mean rows 11.5
served 2082000 cold layer calls, mean 125.0 us, mean rows 11.5
served 2084000 cold layer calls, mean 124.9 us, mean rows 11.5
served 2086000 cold layer calls, mean 124.9 us, mean rows 11.5
served 2088000 cold layer calls, mean 124.9 us, mean rows 11.5
served 2090000 cold layer calls, mean 124.8 us, mean rows 11.5
