mimo-base-nospec: GSM8K 195/200 = 97.5%
C1 rc=0
C2 rc=0
C4 rc=0
C8 rc=0
C16 rc=0
C32 rc=0
C64 rc=0
run                                     C  agg tok/s user tok/s  TTFT p50  ITL p50  accept  err
decode                                  1      208.9      212.7       44ms    4.70ms       -    0
decode                                  2      368.3      186.4       62ms    5.37ms       -    0
decode                                  4      664.1      168.5       81ms    5.93ms       -    0
decode                                  8    1,058.8      134.4      104ms    7.44ms       -    0
decode                                 16    1,570.6      100.5      110ms    9.95ms       -    0
decode                                 32    2,430.1       75.7      109ms   13.21ms       -    0
decode                                 64    3,889.4       61.7      134ms   16.21ms       -    0
   8192    1    4     0.72    45524.1     0.180     0.181     0.183   45542.6   100    396            32768   0
  32768    1    4     3.25    40282.0     0.813     0.814     0.816   40283.7    92   1036           131072   0
  65536    1    4     7.65    34261.3     1.913     1.912     1.915   34261.8    90   1033           262144   0
 131072    1    4    19.71    26594.6     4.928     4.931     4.933   26594.8    90   1036           524288   0
