mimo-dflash7-7f1a-pr58207: GSM8K 196/200 = 98.0%
GSM8K spec: drafts=8578 accepted/draft=4.26 accept_rate=60.9%
C1 rc=0
C2 rc=0
C4 rc=0
C8 rc=0
C16 rc=0
C32 rc=0
C64 rc=0
run                                     C  agg tok/s user tok/s  TTFT p50  ITL p50  accept  err
decode                                  1      289.5      297.7       83ms    3.36ms    2.55    0
decode                                  2      494.0      261.5       92ms    3.82ms    2.79    0
decode                                  4      843.1      215.4      139ms    4.64ms    2.97    0
decode                                  8    1,471.5      195.1      145ms    5.13ms    3.14    0
decode                                 16    2,262.1      149.9      153ms    6.67ms    2.84    0
decode                                 32    4,277.6      140.9      248ms    7.10ms    3.12    0
decode                                 64    5,412.5       90.6      213ms   11.03ms    2.87    0
   8192    1    4     0.76    43045.6     0.190     0.190     0.192   43052.3    65    390            32768   0
  32768    1    4     3.35    39164.8     0.837     0.836     0.842   39166.9    90   1037           131072   0
  65536    1    4     7.80    33626.0     1.949     1.949     1.955   33626.7    84   1035           262144   0
 131072    1    4    19.97    26259.7     4.991     4.992     5.005   26260.0    98   1037           524288   0
