mimo-dflash7-29468-pr58207: GSM8K 195/200 = 97.5%
GSM8K spec: drafts=8472 accepted/draft=4.29 accept_rate=61.3%
C1 rc=0
C2 rc=0
C4 rc=0
C8 rc=0
C16 rc=0
C32 rc=0
C64 rc=0
run                                     C  agg tok/s user tok/s  TTFT p50  ITL p50  accept  err
decode                                  1      382.9      401.8       81ms    2.49ms    3.42    0
decode                                  2      519.8      264.1       86ms    3.79ms    2.96    0
decode                                  4      853.7      218.9       98ms    4.57ms    3.01    0
decode                                  8    1,385.7      181.5      141ms    5.51ms    2.93    0
decode                                 16    2,297.5      156.0      157ms    6.41ms    2.89    0
decode                                 32    3,740.8      118.2      183ms    8.46ms    2.84    0
decode                                 64    5,685.5       91.9      339ms   10.88ms    2.81    0
   8192    1    4     0.75    43940.3     0.186     0.187     0.188   43946.2    94    405            32768   0
  32768    1    4     3.27    40023.9     0.819     0.820     0.820   40025.3    96   1053           131072   0
  65536    1    4     7.65    34267.4     1.913     1.913     1.916   34268.0    91   1051           262144   0
 131072    1    4    19.67    26651.7     4.918     4.917     4.924   26651.9    93   1054           524288   0
