mimo-dflash7-7f1a: GSM8K 196/200 = 98.0%
GSM8K spec: drafts=8578 accepted/draft=4.26 accept_rate=60.9%
C1 rc=0
C2 rc=0
C4 rc=0
C8 rc=0
C16 rc=0
C32 rc=0
C64 rc=0
run                                     C  agg tok/s user tok/s  TTFT p50  ITL p50  accept  err
decode                                  1      302.4      311.2       83ms    3.21ms    2.67    0
decode                                  2      505.9      259.9       93ms    3.85ms    2.88    0
decode                                  4      880.5      226.6      148ms    4.41ms    2.94    0
decode                                  8    1,445.9      191.1      166ms    5.23ms    2.93    0
decode                                 16    2,277.0      155.0      172ms    6.45ms    2.86    0
decode                                 32    4,039.5      132.9      193ms    7.53ms    3.10    0
decode                                 64    5,671.6       93.4      314ms   10.70ms    2.83    0
   8192    1    4     0.77    42514.5     0.193     0.192     0.195   42527.3    30    394            32768   0
  32768    1    4     3.36    39050.3     0.839     0.840     0.841   39051.8   100   1030           131072   0
  65536    1    4     7.80    33626.5     1.949     1.948     1.951   33627.1    94   1031           262144   0
 131072    1    4    20.00    26211.3     5.001     5.000     5.005   26211.4    97   1031           524288   0
