  [21:22] both idle for 120s before: DS41 relaunch at 0.89 (H3 restarts with it) (waited 3 min)
=== 21:22 relaunch DS41 at GPU_UTIL 0.89
Engram NVFP4 table offloaded to registered host memory: 384006168 rows x 256, 51.50 GiB per rank (global scale 0.0040922
Engram NVFP4 table offloaded to registered host memory: 384016682 rows x 256, 51.50 GiB per rank (global scale 0.0089285
Available KV cache memory: 5.89 GiB
GPU KV cache size: 3,049,362 tokens, Maximum concurrency for 1,048,576 tokens per request: 2.91x
=== 21:30 restart H3 lean (release cached memory); warm DS41 to steady state
  ds41-final-warm-1m needle 1/1
  after warm-up: DS41 226.5 GiB, H3 0.0 GiB
=== 21:33 A: H3 fl2va-min
  DS41 C1 during lean: {"C": 1, "agg_tok_s": 303.7, "per_stream_tok_s": 303.7, "median_request_decode_tok_s": 388.1, "requests_done": 37, "accept_tokens_per_step": 3.25, "avg_k": 5.0, "accept_per_position": [0.79, 0.58, 0.41, 0.29, 0.19]}
  lean final-A-15s (15 s):  | GB300 peak 227.3 of 249.8 GiB
  [21:36] h3 idle for 120s before: H3 restart into combined mode (waited 2 min)
=== 21:36 B: H3 combined + VAE staging (voice cloning)
  idle: DS41 226.5 GiB, H3 0.0 GiB; host available 332 GiB
=== 21:41 retry: DS41 already relaunched and warm (DS41 226.5 GiB, H3 0.0 GiB); start H3 lean
=== 21:42 A: H3 fl2va-min
  DS41 C1 during lean: {"C": 1, "agg_tok_s": 182.7, "per_stream_tok_s": 182.7, "median_request_decode_tok_s": 197.1, "requests_done": 31, "accept_tokens_per_step": 3.65, "avg_k": 5.0, "accept_per_position": [0.84, 0.67, 0.51, 0.37, 0.26]}
  lean final-A-15s (15 s): HTTP/1.1 200 | GB300 peak 245.0 of 249.8 GiB
  [21:49] h3 idle for 120s before: H3 restart into combined mode (waited 1 min)
=== 21:49 B: H3 combined + VAE staging (voice cloning)
  Applying layer-wise offloading on ['transformer', 'transformers_ref']
  Layer-wise offloading enabled on 50 layers (blocks)
  Layer-wise offloading enabled on 50 layers (blocks)
  Worker 0: Process-scoped GPU memory after model loading: 6.46 GiB.
  idle: DS41 226.5 GiB, H3 6.5 GiB; host available 64 GiB
  DS41 C1 during combined: {"C": 1, "agg_tok_s": 170.7, "per_stream_tok_s": 170.7, "median_request_decode_tok_s": 300.0, "requests_done": 31, "accept_tokens_per_step": 3.43, "avg_k": 5.0, "accept_per_position": [0.82, 0.62, 0.46, 0.32, 0.21]}
  combined final-B-15s (15 s): HTTP/1.1 200 | GB300 peak 247.8 of 249.8 GiB
  DS41 C1 during combined: {"C": 1, "agg_tok_s": 151.8, "per_stream_tok_s": 151.8, "median_request_decode_tok_s": 162.5, "requests_done": 22, "accept_tokens_per_step": 3.51, "avg_k": 5.0, "accept_per_position": [0.82, 0.64, 0.47, 0.34, 0.24]}
  combined final-B-ref2va-6s (6 s): HTTP/1.1 200 | GB300 peak 242.1 of 249.8 GiB
=== 21:56 B passed: H3 stays combined with VAE staging (voice cloning available)
  DS41 errors: 0
=== 21:56 done
